<html>
<body>
<pre>
<h1>킮ision Build Log</h1>
<h2>Tool Versions:</h2>
IDE-Version: μVision V5.29.0.0
Copyright (C) 2019 ARM Ltd and ARM Germany GmbH. All rights reserved.
License Information: sang wook park, seoulteach, LIC=----
 
Tool Versions:
Toolchain:       MDK-Lite  Version: 5.29.0.0
Toolchain Path:  C:\Keil_v5\ARM\ARMCC\Bin
C Compiler:      Armcc.exe V5.06 update 6 (build 750)
Assembler:       Armasm.exe V5.06 update 6 (build 750)
Linker/Locator:  ArmLink.exe V5.06 update 6 (build 750)
Library Manager: ArmAr.exe V5.06 update 6 (build 750)
Hex Converter:   FromElf.exe V5.06 update 6 (build 750)
CPU DLL:         SARMCM3.DLL V5.29.0.0
Dialog DLL:      DCM.DLL V1.17.3.0
Target DLL:      STLink\ST-LINKIII-KEIL_SWO.dll V3.0.7.0
Dialog DLL:      TCM.DLL V1.36.5.0
 
<h2>Project:</h2>
D:\상욱\대학 자료\4학년 2학기\캡스톤디자인2\15주차\위치 측위 시스템\ARM_IPS_v10.3_complete2\MDK-ARM\ARM_IPS.uvprojx
Project File Date:  12/13/2020

<h2>Output:</h2>
*** Using Compiler 'V5.06 update 6 (build 750)', folder: 'C:\Keil_v5\ARM\ARMCC\Bin'
Build target 'ARM_IPS'
compiling main.c...
../Src/main.c(276): warning:  #1035-D: single-precision operand implicitly converted to double-precision
  			if ( sub <= 0.3 ) 								 rate = 0;
../Src/main.c(277): warning:  #1035-D: single-precision operand implicitly converted to double-precision
  			else if( sub > 0.3 && sub <= 0.7 ) rate = sub / (0.7 - 0.3); 
../Src/main.c(277): warning:  #1035-D: single-precision operand implicitly converted to double-precision
  			else if( sub > 0.3 && sub <= 0.7 ) rate = sub / (0.7 - 0.3); 
../Src/main.c(245): warning:  #177-D: variable "count"  was declared but never referenced
  	int count = 0;
../Src/main.c: 4 warnings, 0 errors
linking...
Program Size: Code=25574 RO-data=890 RW-data=356 ZI-data=1756  
FromELF: creating hex file...
"ARM_IPS\ARM_IPS.axf" - 0 Error(s), 4 Warning(s).

<h2>Software Packages used:</h2>

Package Vendor: ARM
                http://www.keil.com/pack/ARM.CMSIS.5.6.0.pack
                ARM.CMSIS.5.6.0
                CMSIS (Cortex Microcontroller Software Interface Standard)
   * Component: CORE Version: 5.3.0

Package Vendor: Keil
                http://www.keil.com/pack/Keil.STM32F4xx_DFP.2.14.0.pack
                Keil.STM32F4xx_DFP.2.14.0
                STMicroelectronics STM32F4 Series Device Support, Drivers and Examples

<h2>Collection of Component include folders:</h2>
  .\RTE\_ARM_IPS
  C:\Keil_v5\Arm\Packs\ARM\CMSIS\5.6.0\CMSIS\Core\Include
  C:\Keil_v5\Arm\Packs\Keil\STM32F4xx_DFP\2.14.0\Drivers\CMSIS\Device\ST\STM32F4xx\Include

<h2>Collection of Component Files used:</h2>

   * Component: ARM::CMSIS:CORE:5.3.0
Build Time Elapsed:  00:00:05
</pre>
</body>
</html>
