Component: ARM Compiler 5.06 update 6 (build 750) Tool: armlink [4d35ed]

==============================================================================

Section Cross References

    startup_stm32f407xx.o(RESET) refers to startup_stm32f407xx.o(STACK) for __initial_sp
    startup_stm32f407xx.o(RESET) refers to startup_stm32f407xx.o(.text) for Reset_Handler
    startup_stm32f407xx.o(RESET) refers to stm32f4xx_it.o(i.NMI_Handler) for NMI_Handler
    startup_stm32f407xx.o(RESET) refers to stm32f4xx_it.o(i.HardFault_Handler) for HardFault_Handler
    startup_stm32f407xx.o(RESET) refers to stm32f4xx_it.o(i.MemManage_Handler) for MemManage_Handler
    startup_stm32f407xx.o(RESET) refers to stm32f4xx_it.o(i.BusFault_Handler) for BusFault_Handler
    startup_stm32f407xx.o(RESET) refers to stm32f4xx_it.o(i.UsageFault_Handler) for UsageFault_Handler
    startup_stm32f407xx.o(RESET) refers to stm32f4xx_it.o(i.SVC_Handler) for SVC_Handler
    startup_stm32f407xx.o(RESET) refers to stm32f4xx_it.o(i.DebugMon_Handler) for DebugMon_Handler
    startup_stm32f407xx.o(RESET) refers to stm32f4xx_it.o(i.PendSV_Handler) for PendSV_Handler
    startup_stm32f407xx.o(RESET) refers to stm32f4xx_it.o(i.SysTick_Handler) for SysTick_Handler
    startup_stm32f407xx.o(RESET) refers to stm32f4xx_it.o(i.EXTI2_IRQHandler) for EXTI2_IRQHandler
    startup_stm32f407xx.o(RESET) refers to stm32f4xx_it.o(i.EXTI4_IRQHandler) for EXTI4_IRQHandler
    startup_stm32f407xx.o(RESET) refers to stm32f4xx_it.o(i.DMA1_Stream0_IRQHandler) for DMA1_Stream0_IRQHandler
    startup_stm32f407xx.o(RESET) refers to stm32f4xx_it.o(i.USART2_IRQHandler) for USART2_IRQHandler
    startup_stm32f407xx.o(RESET) refers to stm32f4xx_it.o(i.USART3_IRQHandler) for USART3_IRQHandler
    startup_stm32f407xx.o(.text) refers to system_stm32f4xx.o(i.SystemInit) for SystemInit
    startup_stm32f407xx.o(.text) refers to entry.o(.ARM.Collect$$$$00000000) for __main
    esp8266_hal.o(i.ESP_Init) refers to uartringbuffer_multi.o(i.Ringbuf_init) for Ringbuf_init
    esp8266_hal.o(i.ESP_Init) refers to strcpy.o(.text) for strcpy
    esp8266_hal.o(i.ESP_Init) refers to uartringbuffer_multi.o(i.Uart_sendstring) for Uart_sendstring
    esp8266_hal.o(i.ESP_Init) refers to printf3.o(i.__0sprintf$3) for __2sprintf
    esp8266_hal.o(i.ESP_Init) refers to esp8266_hal.o(.data) for .data
    esp8266_hal.o(i.ESP_Init) refers to esp8266_hal.o(.bss) for .bss
    esp8266_hal.o(i.ESP_wifi_start) refers to stm32f4xx_hal.o(i.HAL_GetTick) for HAL_GetTick
    esp8266_hal.o(i.ESP_wifi_start) refers to esp8266_hal.o(i.Server_start_transmit) for Server_start_transmit
    esp8266_hal.o(i.ESP_wifi_start) refers to stm32f4xx_hal_gpio.o(i.HAL_GPIO_WritePin) for HAL_GPIO_WritePin
    esp8266_hal.o(i.ESP_wifi_start) refers to stm32f4xx_hal_gpio.o(i.HAL_GPIO_TogglePin) for HAL_GPIO_TogglePin
    esp8266_hal.o(i.ESP_wifi_start) refers to stm32f4xx_hal.o(i.HAL_Delay) for HAL_Delay
    esp8266_hal.o(i.ESP_wifi_start) refers to esp8266_hal.o(i.ESP_Init) for ESP_Init
    esp8266_hal.o(i.ESP_wifi_start) refers to esp8266_hal.o(.data) for .data
    esp8266_hal.o(i.ESP_wifi_start) refers to main.o(.data) for wifi_uart
    esp8266_hal.o(i.Server_control) refers to stm32f4xx_hal_gpio.o(i.HAL_GPIO_WritePin) for HAL_GPIO_WritePin
    esp8266_hal.o(i.Server_data_send) refers to strlen.o(.text) for strlen
    esp8266_hal.o(i.Server_data_send) refers to printf3.o(i.__0sprintf$3) for __2sprintf
    esp8266_hal.o(i.Server_data_send) refers to uartringbuffer_multi.o(i.Uart_sendstring) for Uart_sendstring
    esp8266_hal.o(i.Server_data_send) refers to stm32f4xx_hal.o(i.HAL_GetTick) for HAL_GetTick
    esp8266_hal.o(i.Server_data_send) refers to strcpy.o(.text) for strcpy
    esp8266_hal.o(i.Server_data_send) refers to esp8266_hal.o(.bss) for .bss
    esp8266_hal.o(i.Server_data_send) refers to main.o(.data) for wifi_uart
    esp8266_hal.o(i.Server_data_send) refers to esp8266_hal.o(.data) for .data
    esp8266_hal.o(i.Server_data_wait) refers to strlen.o(.text) for strlen
    esp8266_hal.o(i.Server_data_wait) refers to esp8266_hal.o(.bss) for .bss
    esp8266_hal.o(i.Server_data_wait) refers to esp8266_hal.o(.data) for .data
    esp8266_hal.o(i.Server_id_close) refers to printf3.o(i.__0sprintf$3) for __2sprintf
    esp8266_hal.o(i.Server_id_close) refers to uartringbuffer_multi.o(i.Uart_sendstring) for Uart_sendstring
    esp8266_hal.o(i.Server_id_close) refers to main.o(.data) for wifi_uart
    esp8266_hal.o(i.Server_start_receive) refers to strlen.o(.text) for strlen
    esp8266_hal.o(i.Server_start_receive) refers to esp8266_hal.o(.data) for .data
    esp8266_hal.o(i.Server_start_transmit) refers to strcpy.o(.text) for strcpy
    esp8266_hal.o(i.Server_start_transmit) refers to printf3.o(i.__0sprintf$3) for __2sprintf
    esp8266_hal.o(i.Server_start_transmit) refers to uartringbuffer_multi.o(i.Uart_sendstring) for Uart_sendstring
[...]
    i.HAL_I2C_Mem_Read                       0x0800166c   Section        0  stm32f4xx_hal_i2c.o(i.HAL_I2C_Mem_Read)
    i.HAL_I2C_Mem_Read_DMA                   0x08001864   Section        0  stm32f4xx_hal_i2c.o(i.HAL_I2C_Mem_Read_DMA)
    i.HAL_I2C_Mem_Write                      0x080019f4   Section        0  stm32f4xx_hal_i2c.o(i.HAL_I2C_Mem_Write)
    i.HAL_I2C_MspInit                        0x08001b24   Section        0  stm32f4xx_hal_msp.o(i.HAL_I2C_MspInit)
    i.HAL_I2C_SlaveRxCpltCallback            0x08001bc4   Section        0  stm32f4xx_hal_i2c.o(i.HAL_I2C_SlaveRxCpltCallback)
    i.HAL_I2C_SlaveTxCpltCallback            0x08001bc6   Section        0  stm32f4xx_hal_i2c.o(i.HAL_I2C_SlaveTxCpltCallback)
    i.HAL_IncTick                            0x08001bc8   Section        0  stm32f4xx_hal.o(i.HAL_IncTick)
    i.HAL_Init                               0x08001bd8   Section        0  stm32f4xx_hal.o(i.HAL_Init)
    i.HAL_InitTick                           0x08001c0c   Section        0  stm32f4xx_hal.o(i.HAL_InitTick)
    i.HAL_MspInit                            0x08001c4c   Section        0  stm32f4xx_hal_msp.o(i.HAL_MspInit)
    i.HAL_NVIC_EnableIRQ                     0x08001c7c   Section        0  stm32f4xx_hal_cortex.o(i.HAL_NVIC_EnableIRQ)
    i.HAL_NVIC_SetPriority                   0x08001c98   Section        0  stm32f4xx_hal_cortex.o(i.HAL_NVIC_SetPriority)
    i.HAL_NVIC_SetPriorityGrouping           0x08001cd8   Section        0  stm32f4xx_hal_cortex.o(i.HAL_NVIC_SetPriorityGrouping)
    i.HAL_RCC_ClockConfig                    0x08001cfc   Section        0  stm32f4xx_hal_rcc.o(i.HAL_RCC_ClockConfig)
    i.HAL_RCC_GetPCLK1Freq                   0x08001e30   Section        0  stm32f4xx_hal_rcc.o(i.HAL_RCC_GetPCLK1Freq)
    i.HAL_RCC_GetPCLK2Freq                   0x08001e50   Section        0  stm32f4xx_hal_rcc.o(i.HAL_RCC_GetPCLK2Freq)
    i.HAL_RCC_GetSysClockFreq                0x08001e70   Section        0  stm32f4xx_hal_rcc.o(i.HAL_RCC_GetSysClockFreq)
    i.HAL_RCC_OscConfig                      0x08001ed0   Section        0  stm32f4xx_hal_rcc.o(i.HAL_RCC_OscConfig)
    i.HAL_SYSTICK_Config                     0x0800222c   Section        0  stm32f4xx_hal_cortex.o(i.HAL_SYSTICK_Config)
    i.HAL_TIMEx_MasterConfigSynchronization  0x08002254   Section        0  stm32f4xx_hal_tim_ex.o(i.HAL_TIMEx_MasterConfigSynchronization)
    i.HAL_TIM_Base_Init                      0x080022e4   Section        0  stm32f4xx_hal_tim.o(i.HAL_TIM_Base_Init)
    i.HAL_TIM_Base_MspInit                   0x0800231c   Section        0  stm32f4xx_hal_msp.o(i.HAL_TIM_Base_MspInit)
    i.HAL_TIM_ConfigClockSource              0x08002344   Section        0  stm32f4xx_hal_tim.o(i.HAL_TIM_ConfigClockSource)
    i.HAL_TIM_MspPostInit                    0x0800241c   Section        0  stm32f4xx_hal_msp.o(i.HAL_TIM_MspPostInit)
    i.HAL_TIM_PWM_ConfigChannel              0x08002490   Section        0  stm32f4xx_hal_tim.o(i.HAL_TIM_PWM_ConfigChannel)
    i.HAL_TIM_PWM_Init                       0x08002560   Section        0  stm32f4xx_hal_tim.o(i.HAL_TIM_PWM_Init)
    i.HAL_TIM_PWM_MspInit                    0x08002596   Section        0  stm32f4xx_hal_tim.o(i.HAL_TIM_PWM_MspInit)
    i.HAL_TIM_PWM_Start                      0x08002598   Section        0  stm32f4xx_hal_tim.o(i.HAL_TIM_PWM_Start)
    i.HAL_UART_ErrorCallback                 0x080025dc   Section        0  stm32f4xx_hal_uart.o(i.HAL_UART_ErrorCallback)
    i.HAL_UART_IRQHandler                    0x080025e0   Section        0  stm32f4xx_hal_uart.o(i.HAL_UART_IRQHandler)
    i.HAL_UART_Init                          0x080026f4   Section        0  stm32f4xx_hal_uart.o(i.HAL_UART_Init)
    i.HAL_UART_MspInit                       0x08002758   Section        0  stm32f4xx_hal_msp.o(i.HAL_UART_MspInit)
    i.HAL_UART_RxCpltCallback                0x08002824   Section        0  stm32f4xx_hal_uart.o(i.HAL_UART_RxCpltCallback)
    i.HAL_UART_TxCpltCallback                0x08002826   Section        0  stm32f4xx_hal_uart.o(i.HAL_UART_TxCpltCallback)
    i.HardFault_Handler                      0x08002828   Section        0  stm32f4xx_it.o(i.HardFault_Handler)
    i.I2C_DMAError                           0x0800282a   Section        0  stm32f4xx_hal_i2c.o(i.I2C_DMAError)
    I2C_DMAError                             0x0800282b   Thumb Code    64  stm32f4xx_hal_i2c.o(i.I2C_DMAError)
    i.I2C_DMAXferCplt                        0x0800286a   Section        0  stm32f4xx_hal_i2c.o(i.I2C_DMAXferCplt)
    I2C_DMAXferCplt                          0x0800286b   Thumb Code   266  stm32f4xx_hal_i2c.o(i.I2C_DMAXferCplt)
    i.I2C_IsAcknowledgeFailed                0x08002974   Section        0  stm32f4xx_hal_i2c.o(i.I2C_IsAcknowledgeFailed)
    I2C_IsAcknowledgeFailed                  0x08002975   Thumb Code    46  stm32f4xx_hal_i2c.o(i.I2C_IsAcknowledgeFailed)
    i.I2C_RequestMemoryRead                  0x080029a4   Section        0  stm32f4xx_hal_i2c.o(i.I2C_RequestMemoryRead)
    I2C_RequestMemoryRead                    0x080029a5   Thumb Code   246  stm32f4xx_hal_i2c.o(i.I2C_RequestMemoryRead)
    i.I2C_RequestMemoryWrite                 0x08002aa0   Section        0  stm32f4xx_hal_i2c.o(i.I2C_RequestMemoryWrite)
    I2C_RequestMemoryWrite                   0x08002aa1   Thumb Code   162  stm32f4xx_hal_i2c.o(i.I2C_RequestMemoryWrite)
    i.I2C_WaitOnBTFFlagUntilTimeout          0x08002b48   Section        0  stm32f4xx_hal_i2c.o(i.I2C_WaitOnBTFFlagUntilTimeout)
    I2C_WaitOnBTFFlagUntilTimeout            0x08002b49   Thumb Code    76  stm32f4xx_hal_i2c.o(i.I2C_WaitOnBTFFlagUntilTimeout)
    i.I2C_WaitOnFlagUntilTimeout             0x08002b94   Section        0  stm32f4xx_hal_i2c.o(i.I2C_WaitOnFlagUntilTimeout)
    I2C_WaitOnFlagUntilTimeout               0x08002b95   Thumb Code   104  stm32f4xx_hal_i2c.o(i.I2C_WaitOnFlagUntilTimeout)
    i.I2C_WaitOnMasterAddressFlagUntilTimeout 0x08002bfc   Section        0  stm32f4xx_hal_i2c.o(i.I2C_WaitOnMasterAddressFlagUntilTimeout)
    I2C_WaitOnMasterAddressFlagUntilTimeout  0x08002bfd   Thumb Code   150  stm32f4xx_hal_i2c.o(i.I2C_WaitOnMasterAddressFlagUntilTimeout)
    i.I2C_WaitOnRXNEFlagUntilTimeout         0x08002c92   Section        0  stm32f4xx_hal_i2c.o(i.I2C_WaitOnRXNEFlagUntilTimeout)
    I2C_WaitOnRXNEFlagUntilTimeout           0x08002c93   Thumb Code   102  stm32f4xx_hal_i2c.o(i.I2C_WaitOnRXNEFlagUntilTimeout)
    i.I2C_WaitOnTXEFlagUntilTimeout          0x08002cf8   Section        0  stm32f4xx_hal_i2c.o(i.I2C_WaitOnTXEFlagUntilTimeout)
    I2C_WaitOnTXEFlagUntilTimeout            0x08002cf9   Thumb Code    76  stm32f4xx_hal_i2c.o(i.I2C_WaitOnTXEFlagUntilTimeout)
    i.MPU9250_Config                         0x08002d44   Section        0  mpu9250.o(i.MPU9250_Config)
    i.MPU9250_Init                           0x08002f30   Section        0  mpu9250.o(i.MPU9250_Init)
    i.MX_GPIO_Init                           0x08002f40   Section        0  main.o(i.MX_GPIO_Init)
    MX_GPIO_Init                             0x08002f41   Thumb Code   272  main.o(i.MX_GPIO_Init)
    i.MX_TIM3_Init                           0x08003064   Section        0  main.o(i.MX_TIM3_Init)
    MX_TIM3_Init                             0x08003065   Thumb Code   128  main.o(i.MX_TIM3_Init)
    i.MemManage_Handler                      0x080030ec   Section        0  stm32f4xx_it.o(i.MemManage_Handler)
    i.NMI_Handler                            0x080030ee   Section        0  stm32f4xx_it.o(i.NMI_Handler)
    i.PendSV_Handler                         0x080030f0   Section        0  stm32f4xx_it.o(i.PendSV_Handler)
    i.Ringbuf_init                           0x080030f4   Section        0  uartringbuffer_multi.o(i.Ringbuf_init)
    i.SVC_Handler                            0x08003140   Section        0  stm32f4xx_it.o(i.SVC_Handler)
    i.Server_control                         0x08003144   Section        0  esp8266_hal.o(i.Server_control)
    i.Server_data_send                       0x08003258   Section        0  esp8266_hal.o(i.Server_data_send)
    i.Server_data_wait                       0x08003300   Section        0  esp8266_hal.o(i.Server_data_wait)
    i.Server_id_close                        0x080033c4   Section        0  esp8266_hal.o(i.Server_id_close)
    i.Server_start_receive                   0x080033fc   Section        0  esp8266_hal.o(i.Server_start_receive)
    i.Server_start_transmit                  0x08003478   Section        0  esp8266_hal.o(i.Server_start_transmit)
    i.SysTick_Handler                        0x080035d4   Section        0  stm32f4xx_it.o(i.SysTick_Handler)
    i.SystemClock_Config                     0x080035d8   Section        0  main.o(i.SystemClock_Config)
    i.SystemInit                             0x0800365c   Section        0  system_stm32f4xx.o(i.SystemInit)
    i.TIM_Base_SetConfig                     0x08003678   Section        0  stm32f4xx_hal_tim.o(i.TIM_Base_SetConfig)
    i.TIM_CCxChannelCmd                      0x08003740   Section        0  stm32f4xx_hal_tim.o(i.TIM_CCxChannelCmd)
    i.TIM_ETR_SetConfig                      0x0800375a   Section        0  stm32f4xx_hal_tim.o(i.TIM_ETR_SetConfig)
    i.TIM_ITRx_SetConfig                     0x0800376e   Section        0  stm32f4xx_hal_tim.o(i.TIM_ITRx_SetConfig)
    TIM_ITRx_SetConfig                       0x0800376f   Thumb Code    16  stm32f4xx_hal_tim.o(i.TIM_ITRx_SetConfig)
    i.TIM_OC1_SetConfig                      0x08003780   Section        0  stm32f4xx_hal_tim.o(i.TIM_OC1_SetConfig)
    TIM_OC1_SetConfig                        0x08003781   Thumb Code    88  stm32f4xx_hal_tim.o(i.TIM_OC1_SetConfig)
    i.TIM_OC2_SetConfig                      0x080037e0   Section        0  stm32f4xx_hal_tim.o(i.TIM_OC2_SetConfig)
    i.TIM_OC3_SetConfig                      0x0800384c   Section        0  stm32f4xx_hal_tim.o(i.TIM_OC3_SetConfig)
    TIM_OC3_SetConfig                        0x0800384d   Thumb Code    96  stm32f4xx_hal_tim.o(i.TIM_OC3_SetConfig)
    i.TIM_OC4_SetConfig                      0x080038b4   Section        0  stm32f4xx_hal_tim.o(i.TIM_OC4_SetConfig)
    TIM_OC4_SetConfig                        0x080038b5   Thumb Code    70  stm32f4xx_hal_tim.o(i.TIM_OC4_SetConfig)
    i.TIM_TI1_ConfigInputStage               0x08003904   Section        0  stm32f4xx_hal_tim.o(i.TIM_TI1_ConfigInputStage)
    TIM_TI1_ConfigInputStage                 0x08003905   Thumb Code    34  stm32f4xx_hal_tim.o(i.TIM_TI1_ConfigInputStage)
    i.TIM_TI2_ConfigInputStage               0x08003926   Section        0  stm32f4xx_hal_tim.o(i.TIM_TI2_ConfigInputStage)
    TIM_TI2_ConfigInputStage                 0x08003927   Thumb Code    36  stm32f4xx_hal_tim.o(i.TIM_TI2_ConfigInputStage)
    i.UART_DMAAbortOnError                   0x0800394a   Section        0  stm32f4xx_hal_uart.o(i.UART_DMAAbortOnError)
    UART_DMAAbortOnError                     0x0800394b   Thumb Code    16  stm32f4xx_hal_uart.o(i.UART_DMAAbortOnError)
    i.UART_EndRxTransfer                     0x0800395a   Section        0  stm32f4xx_hal_uart.o(i.UART_EndRxTransfer)
    UART_EndRxTransfer                       0x0800395b   Thumb Code    28  stm32f4xx_hal_uart.o(i.UART_EndRxTransfer)
    i.UART_Receive_IT                        0x08003976   Section        0  stm32f4xx_hal_uart.o(i.UART_Receive_IT)
    UART_Receive_IT                          0x08003977   Thumb Code   150  stm32f4xx_hal_uart.o(i.UART_Receive_IT)
    i.UART_SetConfig                         0x08003a0c   Section        0  stm32f4xx_hal_uart.o(i.UART_SetConfig)
    UART_SetConfig                           0x08003a0d   Thumb Code   286  stm32f4xx_hal_uart.o(i.UART_SetConfig)
    i.UART_Transmit_IT                       0x08003b34   Section        0  stm32f4xx_hal_uart.o(i.UART_Transmit_IT)
    UART_Transmit_IT                         0x08003b35   Thumb Code    98  stm32f4xx_hal_uart.o(i.UART_Transmit_IT)
    i.USART2_IRQHandler                      0x08003b98   Section        0  stm32f4xx_it.o(i.USART2_IRQHandler)
    i.USART3_IRQHandler                      0x08003bb0   Section        0  stm32f4xx_it.o(i.USART3_IRQHandler)
    i.Uart_isr                               0x08003bc8   Section        0  uartringbuffer_multi.o(i.Uart_isr)
    i.Uart_isr_RxCpltCallback                0x08003c3c   Section        0  main.o(i.Uart_isr_RxCpltCallback)
    i.Uart_sendstring                        0x08003cc0   Section        0  uartringbuffer_multi.o(i.Uart_sendstring)
    i.Uart_write                             0x08003cd8   Section        0  uartringbuffer_multi.o(i.Uart_write)
    i.UsageFault_Handler                     0x08003d34   Section        0  stm32f4xx_it.o(i.UsageFault_Handler)
    i.__0sprintf$3                           0x08003d38   Section        0  printf3.o(i.__0sprintf$3)
    i.__ARM_fpclassify                       0x08003d60   Section        0  fpclassify.o(i.__ARM_fpclassify)
    i.__NVIC_SetPriority                     0x08003d90   Section        0  stm32f4xx_hal_cortex.o(i.__NVIC_SetPriority)
    __NVIC_SetPriority                       0x08003d91   Thumb Code    32  stm32f4xx_hal_cortex.o(i.__NVIC_SetPriority)
    i.__hardfp_cos                           0x08003db0   Section        0  cos.o(i.__hardfp_cos)
    i.__hardfp_pow                           0x08003e78   Section        0  pow.o(i.__hardfp_pow)
    i.__hardfp_sin                           0x08004ac8   Section        0  sin.o(i.__hardfp_sin)
    i.__hardfp_sqrt                          0x08004b90   Section        0  sqrt.o(i.__hardfp_sqrt)
    i.__ieee754_rem_pio2                     0x08004c10   Section        0  rred.o(i.__ieee754_rem_pio2)
    i.__kernel_cos                           0x08005048   Section        0  cos_i.o(i.__kernel_cos)
    i.__kernel_poly                          0x080051b8   Section        0  poly.o(i.__kernel_poly)
    i.__kernel_sin                           0x080052b0   Section        0  sin_i.o(i.__kernel_sin)
    i.__mathlib_dbl_divzero                  0x080053e0   Section        0  dunder.o(i.__mathlib_dbl_divzero)
    i.__mathlib_dbl_infnan                   0x08005410   Section        0  dunder.o(i.__mathlib_dbl_infnan)
    i.__mathlib_dbl_infnan2                  0x08005424   Section        0  dunder.o(i.__mathlib_dbl_infnan2)
    i.__mathlib_dbl_invalid                  0x08005438   Section        0  dunder.o(i.__mathlib_dbl_invalid)
    i.__mathlib_dbl_overflow                 0x08005458   Section        0  dunder.o(i.__mathlib_dbl_overflow)
    i.__mathlib_dbl_underflow                0x08005478   Section        0  dunder.o(i.__mathlib_dbl_underflow)
    i.__scatterload_copy                     0x08005498   Section       14  handlers.o(i.__scatterload_copy)
    i.__scatterload_null                     0x080054a6   Section        2  handlers.o(i.__scatterload_null)
    i.__scatterload_zeroinit                 0x080054a8   Section       14  handlers.o(i.__scatterload_zeroinit)
    i.__set_errno                            0x080054b8   Section        0  errno.o(i.__set_errno)
    i._printf_core                           0x080054c4   Section        0  printf3.o(i._printf_core)
    _printf_core                             0x080054c5   Thumb Code   436  printf3.o(i._printf_core)
    i._sputc                                 0x0800567c   Section        0  printf3.o(i._sputc)
    _sputc                                   0x0800567d   Thumb Code    10  printf3.o(i._sputc)
    i.accelCalibrate                         0x08005688   Section        0  mpu9250.o(i.accelCalibrate)
    i.encoderLocate                          0x08005778   Section        0  encoder.o(i.encoderLocate)
    i.fabs                                   0x080057fc   Section        0  fabs.o(i.fabs)
    i.getPattern                             0x08005814   Section        0  ips.o(i.getPattern)
    i.getPatternData                         0x080058fc   Section        0  ips.o(i.getPatternData)
    i.getYaw                                 0x08005978   Section        0  ips.o(i.getYaw)
    i.main                                   0x080059b8   Section        0  main.o(i.main)
    i.pidCompute                             0x08005ec4   Section        0  encoder.o(i.pidCompute)
    i.pidInit                                0x080060a0   Section        0  encoder.o(i.pidInit)
    i.pidSetPWM                              0x080060d8   Section        0  encoder.o(i.pidSetPWM)
    i.pidValue                               0x08006254   Section        0  encoder.o(i.pidValue)
    i.readDMAData                            0x08006398   Section        0  mpu9250.o(i.readDMAData)
    i.readRawData                            0x08006484   Section        0  mpu9250.o(i.readRawData)
    i.sqrt                                   0x08006500   Section        0  sqrt.o(i.sqrt)
    .constdata                               0x0800656e   Section        8  stm32f4xx_hal_dma.o(.constdata)
    flagBitshiftOffset                       0x0800656e   Data           8  stm32f4xx_hal_dma.o(.constdata)
    .constdata                               0x08006576   Section       16  system_stm32f4xx.o(.constdata)
    .constdata                               0x08006586   Section        8  system_stm32f4xx.o(.constdata)
    .constdata                               0x08006590   Section      136  pow.o(.constdata)
    bp                                       0x08006590   Data          16  pow.o(.constdata)
    dp_h                                     0x080065a0   Data          16  pow.o(.constdata)
    dp_l                                     0x080065b0   Data          16  pow.o(.constdata)
    L                                        0x080065c0   Data          48  pow.o(.constdata)
    P                                        0x080065f0   Data          40  pow.o(.constdata)
    .constdata                               0x08006618   Section       48  cos_i.o(.constdata)
    C                                        0x08006618   Data          48  cos_i.o(.constdata)
    .constdata                               0x08006648   Section        8  qnan.o(.constdata)
    .constdata                               0x08006650   Section      200  rred.o(.constdata)
    pio2s                                    0x08006650   Data          48  rred.o(.constdata)
    twooverpi                                0x08006680   Data         152  rred.o(.constdata)
    .constdata                               0x08006718   Section       40  sin_i.o(.constdata)
    S                                        0x08006718   Data          40  sin_i.o(.constdata)
    .data                                    0x20000000   Section       24  esp8266_hal.o(.data)
    start_flag                               0x20000001   Data           1  esp8266_hal.o(.data)
    flag_id                                  0x20000002   Data           1  esp8266_hal.o(.data)
    flag_IPD                                 0x20000003   Data           1  esp8266_hal.o(.data)
    flag_Rx                                  0x20000004   Data           1  esp8266_hal.o(.data)
    far                                      0x20000005   Data           1  esp8266_hal.o(.data)
    far                                      0x20000006   Data           1  esp8266_hal.o(.data)
    far1                                     0x20000007   Data           1  esp8266_hal.o(.data)
    far2                                     0x20000008   Data           1  esp8266_hal.o(.data)
    flag_connect                             0x20000009   Data           1  esp8266_hal.o(.data)
    dt                                       0x20000010   Data           4  esp8266_hal.o(.data)
    timeLast                                 0x20000014   Data           4  esp8266_hal.o(.data)
    .data                                    0x20000018   Section       32  ips.o(.data)
    gyro_last                                0x20000018   Data           4  ips.o(.data)
    count                                    0x2000001c   Data           4  ips.o(.data)
    sum_gyro                                 0x20000020   Data           4  ips.o(.data)
    bias_gyro                                0x20000024   Data           4  ips.o(.data)
    rad                                      0x20000028   Data           8  ips.o(.data)
    Stop_time                                0x20000030   Data           8  ips.o(.data)
    .data                                    0x20000038   Section       28  mpu9250.o(.data)
    tickLast                                 0x20000038   Data           4  mpu9250.o(.data)
    dt_ms                                    0x2000003c   Data           4  mpu9250.o(.data)
    tickLast                                 0x20000040   Data           4  mpu9250.o(.data)
    dt_ms                                    0x20000044   Data           4  mpu9250.o(.data)
    aRes                                     0x20000048   Data           4  mpu9250.o(.data)
    gRes                                     0x2000004c   Data           4  mpu9250.o(.data)
    mRes                                     0x20000050   Data           4  mpu9250.o(.data)
    .data                                    0x20000054   Section        8  uartringbuffer_multi.o(.data)
    .data                                    0x2000005c   Section      108  main.o(.data)
    .data                                    0x200000c8   Section        4  main.o(.data)
    .data                                    0x200000cc   Section      132  encoder.o(.data)
    tickLast                                 0x200000cc   Data           4  encoder.o(.data)
    dt_sum                                   0x200000d0   Data           4  encoder.o(.data)
    lastErr_L                                0x200000d4   Data           4  encoder.o(.data)
    lastErr_R                                0x200000d8   Data           4  encoder.o(.data)
    Kp                                       0x200000dc   Data           4  encoder.o(.data)
    Kp_L                                     0x200000e0   Data           4  encoder.o(.data)
    Kp_R                                     0x200000e4   Data           4  encoder.o(.data)
    Ki                                       0x200000e8   Data           4  encoder.o(.data)
    Kd                                       0x200000ec   Data           4  encoder.o(.data)
    Setpoint                                 0x200000f0   Data           4  encoder.o(.data)
    SampleTime                               0x200000f4   Data           4  encoder.o(.data)
    PWM_Max                                  0x200000f8   Data           4  encoder.o(.data)
    PWM_Min                                  0x200000fc   Data           4  encoder.o(.data)
    PWM                                      0x20000100   Data           4  encoder.o(.data)
    dt                                       0x20000104   Data           4  encoder.o(.data)
    CountL_dt                                0x20000108   Data           4  encoder.o(.data)
    CountR_dt                                0x2000010c   Data           4  encoder.o(.data)
    angle_L_v                                0x20000110   Data           4  encoder.o(.data)
    angle_R_v                                0x20000114   Data           4  encoder.o(.data)
    L_v                                      0x20000118   Data           4  encoder.o(.data)
    R_v                                      0x2000011c   Data           4  encoder.o(.data)
    flag_L                                   0x20000120   Data           4  encoder.o(.data)
    flag_R                                   0x20000124   Data           4  encoder.o(.data)
    count_L                                  0x20000128   Data           4  encoder.o(.data)
    count_R                                  0x2000012c   Data           4  encoder.o(.data)
    errSum_L                                 0x20000130   Data           4  encoder.o(.data)
    errSum_R                                 0x20000134   Data           4  encoder.o(.data)
    dErr_L                                   0x20000138   Data           4  encoder.o(.data)
    dErr_R                                   0x2000013c   Data           4  encoder.o(.data)
    tempL                                    0x20000140   Data           8  encoder.o(.data)
    tempR                                    0x20000148   Data           8  encoder.o(.data)
    .data                                    0x20000150   Section       12  stm32f4xx_hal.o(.data)
    .data                                    0x2000015c   Section        4  system_stm32f4xx.o(.data)
    .data                                    0x20000160   Section        4  errno.o(.data)
    _errno                                   0x20000160   Data           4  errno.o(.data)
    .bss                                     0x20000164   Section       40  esp8266_hal.o(.bss)
    .bss                                     0x2000018c   Section      144  mpu9250.o(.bss)
    i2cHandler                               0x2000018c   Data          84  mpu9250.o(.bss)
    accBias                                  0x200001e0   Data          12  mpu9250.o(.bss)
    gyroBias                                 0x200001ec   Data          12  mpu9250.o(.bss)
    magBias                                  0x200001f8   Data          12  mpu9250.o(.bss)
    magScale                                 0x20000204   Data          12  mpu9250.o(.bss)
    magfactory                               0x20000210   Data          12  mpu9250.o(.bss)
    .bss                                     0x2000021c   Section      144  uartringbuffer_multi.o(.bss)
    .bss                                     0x200002ac   Section      302  main.o(.bss)
    .bss                                     0x200003dc   Section       96  main.o(.bss)
    STACK                                    0x20000440   Section     1024  startup_stm32f407xx.o(STACK)

    Global Symbols

    Symbol Name                              Value     Ov Type        Size  Object(Section)

    BuildAttributes$$THM_ISAv4$E$P$D$K$B$S$7EM$VFPi3$EXTD16$VFPS$VFMA$PE$A:L22UL41UL21$X:L11$S22US41US21$IEEE1$IW$USESV6$~STKCKD$USESV7$~SHL$OTIME$ROPI$IEEEX$EBA8$MICROLIB$REQ8$PRES8$EABIv2 0x00000000   Number         0  anon$$obj.o ABSOLUTE
    __ARM_use_no_argv                        0x00000000   Number         0  main.o ABSOLUTE
    _printf_a                                0x00000000   Number         0  stubs.o ABSOLUTE
    _printf_c                                0x00000000   Number         0  stubs.o ABSOLUTE
    _printf_charcount                        0x00000000   Number         0  stubs.o ABSOLUTE
    _printf_d                                0x00000000   Number         0  stubs.o ABSOLUTE
    _printf_e                                0x00000000   Number         0  stubs.o ABSOLUTE
    _printf_f                                0x00000000   Number         0  stubs.o ABSOLUTE
    _printf_flags                            0x00000000   Number         0  stubs.o ABSOLUTE
    _printf_fp_dec                           0x00000000   Number         0  stubs.o ABSOLUTE
    _printf_fp_hex                           0x00000000   Number         0  stubs.o ABSOLUTE
    _printf_g                                0x00000000   Number         0  stubs.o ABSOLUTE
    _printf_i                                0x00000000   Number         0  stubs.o ABSOLUTE
    _printf_int_dec                          0x00000000   Number         0  stubs.o ABSOLUTE
    _printf_l                                0x00000000   Number         0  stubs.o ABSOLUTE
    _printf_lc                               0x00000000   Number         0  stubs.o ABSOLUTE
    _printf_ll                               0x00000000   Number         0  stubs.o ABSOLUTE
    _printf_lld                              0x00000000   Number         0  stubs.o ABSOLUTE
    _printf_lli                              0x00000000   Number         0  stubs.o ABSOLUTE
    _printf_llo                              0x00000000   Number         0  stubs.o ABSOLUTE
    _printf_llu                              0x00000000   Number         0  stubs.o ABSOLUTE
    _printf_llx                              0x00000000   Number         0  stubs.o ABSOLUTE
    _printf_longlong_dec                     0x00000000   Number         0  stubs.o ABSOLUTE
    _printf_longlong_hex                     0x00000000   Number         0  stubs.o ABSOLUTE
    _printf_longlong_oct                     0x00000000   Number         0  stubs.o ABSOLUTE
    _printf_ls                               0x00000000   Number         0  stubs.o ABSOLUTE
    _printf_mbtowc                           0x00000000   Number         0  stubs.o ABSOLUTE
    _printf_n                                0x00000000   Number         0  stubs.o ABSOLUTE
    _printf_o                                0x00000000   Number         0  stubs.o ABSOLUTE
    _printf_p                                0x00000000   Number         0  stubs.o ABSOLUTE
    _printf_percent                          0x00000000   Number         0  stubs.o ABSOLUTE
    _printf_pre_padding                      0x00000000   Number         0  stubs.o ABSOLUTE
    _printf_return_value                     0x00000000   Number         0  stubs.o ABSOLUTE
    _printf_s                                0x00000000   Number         0  stubs.o ABSOLUTE
    _printf_sizespec                         0x00000000   Number         0  stubs.o ABSOLUTE
    _printf_str                              0x00000000   Number         0  stubs.o ABSOLUTE
    _printf_truncate_signed                  0x00000000   Number         0  stubs.o ABSOLUTE
    _printf_truncate_unsigned                0x00000000   Number         0  stubs.o ABSOLUTE
    _printf_u                                0x00000000   Number         0  stubs.o ABSOLUTE
    _printf_wc                               0x00000000   Number         0  stubs.o ABSOLUTE
    _printf_wctomb                           0x00000000   Number         0  stubs.o ABSOLUTE
    _printf_widthprec                        0x00000000   Number         0  stubs.o ABSOLUTE
    _printf_x                                0x00000000   Number         0  stubs.o ABSOLUTE
    __cpp_initialize__aeabi_                  - Undefined Weak Reference
    __cxa_finalize                            - Undefined Weak Reference
    _clock_init                               - Undefined Weak Reference
    _microlib_exit                            - Undefined Weak Reference
    __Vectors_Size                           0x00000188   Number         0  startup_stm32f407xx.o ABSOLUTE
    __Vectors                                0x08000000   Data           4  startup_stm32f407xx.o(RESET)
    __Vectors_End                            0x08000188   Data           0  startup_stm32f407xx.o(RESET)
    __main                                   0x08000189   Thumb Code     0  entry.o(.ARM.Collect$$$$00000000)
    _main_stk                                0x08000189   Thumb Code     0  entry2.o(.ARM.Collect$$$$00000001)
    _main_scatterload                        0x0800018d   Thumb Code     0  entry5.o(.ARM.Collect$$$$00000004)
    __main_after_scatterload                 0x08000191   Thumb Code     0  entry5.o(.ARM.Collect$$$$00000004)
    _main_clock                              0x08000191   Thumb Code     0  entry7b.o(.ARM.Collect$$$$00000008)
    _main_cpp_init                           0x08000191   Thumb Code     0  entry8b.o(.ARM.Collect$$$$0000000A)
    _main_init                               0x08000191   Thumb Code     0  entry9a.o(.ARM.Collect$$$$0000000B)
    __rt_final_cpp                           0x08000199   Thumb Code     0  entry10a.o(.ARM.Collect$$$$0000000D)
    __rt_final_exit                          0x08000199   Thumb Code     0  entry11a.o(.ARM.Collect$$$$0000000F)
    Reset_Handler                            0x0800019d   Thumb Code     8  startup_stm32f407xx.o(.text)
    ADC_IRQHandler                           0x080001b7   Thumb Code     0  startup_stm32f407xx.o(.text)
    CAN1_RX0_IRQHandler                      0x080001b7   Thumb Code     0  startup_stm32f407xx.o(.text)
    CAN1_RX1_IRQHandler                      0x080001b7   Thumb Code     0  startup_stm32f407xx.o(.text)
    CAN1_SCE_IRQHandler                      0x080001b7   Thumb Code     0  startup_stm32f407xx.o(.text)
    CAN1_TX_IRQHandler                       0x080001b7   Thumb Code     0  startup_stm32f407xx.o(.text)
    CAN2_RX0_IRQHandler                      0x080001b7   Thumb Code     0  startup_stm32f407xx.o(.text)
    CAN2_RX1_IRQHandler                      0x080001b7   Thumb Code     0  startup_stm32f407xx.o(.text)
    CAN2_SCE_IRQHandler                      0x080001b7   Thumb Code     0  startup_stm32f407xx.o(.text)
    CAN2_TX_IRQHandler                       0x080001b7   Thumb Code     0  startup_stm32f407xx.o(.text)
    DCMI_IRQHandler                          0x080001b7   Thumb Code     0  startup_stm32f407xx.o(.text)
    DMA1_Stream1_IRQHandler                  0x080001b7   Thumb Code     0  startup_stm32f407xx.o(.text)
    DMA1_Stream2_IRQHandler                  0x080001b7   Thumb Code     0  startup_stm32f407xx.o(.text)
    DMA1_Stream3_IRQHandler                  0x080001b7   Thumb Code     0  startup_stm32f407xx.o(.text)
    DMA1_Stream4_IRQHandler                  0x080001b7   Thumb Code     0  startup_stm32f407xx.o(.text)
    DMA1_Stream5_IRQHandler                  0x080001b7   Thumb Code     0  startup_stm32f407xx.o(.text)
    DMA1_Stream6_IRQHandler                  0x080001b7   Thumb Code     0  startup_stm32f407xx.o(.text)
    DMA1_Stream7_IRQHandler                  0x080001b7   Thumb Code     0  startup_stm32f407xx.o(.text)
    DMA2_Stream0_IRQHandler                  0x080001b7   Thumb Code     0  startup_stm32f407xx.o(.text)
    DMA2_Stream1_IRQHandler                  0x080001b7   Thumb Code     0  startup_stm32f407xx.o(.text)
    DMA2_Stream2_IRQHandler                  0x080001b7   Thumb Code     0  startup_stm32f407xx.o(.text)
    DMA2_Stream3_IRQHandler                  0x080001b7   Thumb Code     0  startup_stm32f407xx.o(.text)
    DMA2_Stream4_IRQHandler                  0x080001b7   Thumb Code     0  startup_stm32f407xx.o(.text)
    DMA2_Stream5_IRQHandler                  0x080001b7   Thumb Code     0  startup_stm32f407xx.o(.text)
    DMA2_Stream6_IRQHandler                  0x080001b7   Thumb Code     0  startup_stm32f407xx.o(.text)
    DMA2_Stream7_IRQHandler                  0x080001b7   Thumb Code     0  startup_stm32f407xx.o(.text)
    ETH_IRQHandler                           0x080001b7   Thumb Code     0  startup_stm32f407xx.o(.text)
    ETH_WKUP_IRQHandler                      0x080001b7   Thumb Code     0  startup_stm32f407xx.o(.text)
    EXTI0_IRQHandler                         0x080001b7   Thumb Code     0  startup_stm32f407xx.o(.text)
    EXTI15_10_IRQHandler                     0x080001b7   Thumb Code     0  startup_stm32f407xx.o(.text)
    EXTI1_IRQHandler                         0x080001b7   Thumb Code     0  startup_stm32f407xx.o(.text)
    EXTI3_IRQHandler                         0x080001b7   Thumb Code     0  startup_stm32f407xx.o(.text)
    EXTI9_5_IRQHandler                       0x080001b7   Thumb Code     0  startup_stm32f407xx.o(.text)
    FLASH_IRQHandler                         0x080001b7   Thumb Code     0  startup_stm32f407xx.o(.text)
    FMC_IRQHandler                           0x080001b7   Thumb Code     0  startup_stm32f407xx.o(.text)
    FPU_IRQHandler                           0x080001b7   Thumb Code     0  startup_stm32f407xx.o(.text)
    HASH_RNG_IRQHandler                      0x080001b7   Thumb Code     0  startup_stm32f407xx.o(.text)
    I2C1_ER_IRQHandler                       0x080001b7   Thumb Code     0  startup_stm32f407xx.o(.text)
    I2C1_EV_IRQHandler                       0x080001b7   Thumb Code     0  startup_stm32f407xx.o(.text)
    I2C2_ER_IRQHandler                       0x080001b7   Thumb Code     0  startup_stm32f407xx.o(.text)
    I2C2_EV_IRQHandler                       0x080001b7   Thumb Code     0  startup_stm32f407xx.o(.text)
    I2C3_ER_IRQHandler                       0x080001b7   Thumb Code     0  startup_stm32f407xx.o(.text)
    I2C3_EV_IRQHandler                       0x080001b7   Thumb Code     0  startup_stm32f407xx.o(.text)
    OTG_FS_IRQHandler                        0x080001b7   Thumb Code     0  startup_stm32f407xx.o(.text)
    OTG_FS_WKUP_IRQHandler                   0x080001b7   Thumb Code     0  startup_stm32f407xx.o(.text)
    OTG_HS_EP1_IN_IRQHandler                 0x080001b7   Thumb Code     0  startup_stm32f407xx.o(.text)
    OTG_HS_EP1_OUT_IRQHandler                0x080001b7   Thumb Code     0  startup_stm32f407xx.o(.text)
    OTG_HS_IRQHandler                        0x080001b7   Thumb Code     0  startup_stm32f407xx.o(.text)
    OTG_HS_WKUP_IRQHandler                   0x080001b7   Thumb Code     0  startup_stm32f407xx.o(.text)
    PVD_IRQHandler                           0x080001b7   Thumb Code     0  startup_stm32f407xx.o(.text)
    RCC_IRQHandler                           0x080001b7   Thumb Code     0  startup_stm32f407xx.o(.text)
    RTC_Alarm_IRQHandler                     0x080001b7   Thumb Code     0  startup_stm32f407xx.o(.text)
    RTC_WKUP_IRQHandler                      0x080001b7   Thumb Code     0  startup_stm32f407xx.o(.text)
    SDIO_IRQHandler                          0x080001b7   Thumb Code     0  startup_stm32f407xx.o(.text)
    SPI1_IRQHandler                          0x080001b7   Thumb Code     0  startup_stm32f407xx.o(.text)
    SPI2_IRQHandler                          0x080001b7   Thumb Code     0  startup_stm32f407xx.o(.text)
    SPI3_IRQHandler                          0x080001b7   Thumb Code     0  startup_stm32f407xx.o(.text)
    TAMP_STAMP_IRQHandler                    0x080001b7   Thumb Code     0  startup_stm32f407xx.o(.text)
    TIM1_BRK_TIM9_IRQHandler                 0x080001b7   Thumb Code     0  startup_stm32f407xx.o(.text)
    TIM1_CC_IRQHandler                       0x080001b7   Thumb Code     0  startup_stm32f407xx.o(.text)
    TIM1_TRG_COM_TIM11_IRQHandler            0x080001b7   Thumb Code     0  startup_stm32f407xx.o(.text)
    TIM1_UP_TIM10_IRQHandler                 0x080001b7   Thumb Code     0  startup_stm32f407xx.o(.text)
    TIM2_IRQHandler                          0x080001b7   Thumb Code     0  startup_stm32f407xx.o(.text)
    TIM3_IRQHandler                          0x080001b7   Thumb Code     0  startup_stm32f407xx.o(.text)
    TIM4_IRQHandler                          0x080001b7   Thumb Code     0  startup_stm32f407xx.o(.text)
    TIM5_IRQHandler                          0x080001b7   Thumb Code     0  startup_stm32f407xx.o(.text)
    TIM6_DAC_IRQHandler                      0x080001b7   Thumb Code     0  startup_stm32f407xx.o(.text)
    TIM7_IRQHandler                          0x080001b7   Thumb Code     0  startup_stm32f407xx.o(.text)
    TIM8_BRK_TIM12_IRQHandler                0x080001b7   Thumb Code     0  startup_stm32f407xx.o(.text)
    TIM8_CC_IRQHandler                       0x080001b7   Thumb Code     0  startup_stm32f407xx.o(.text)
    TIM8_TRG_COM_TIM14_IRQHandler            0x080001b7   Thumb Code     0  startup_stm32f407xx.o(.text)
    TIM8_UP_TIM13_IRQHandler                 0x080001b7   Thumb Code     0  startup_stm32f407xx.o(.text)
    UART4_IRQHandler                         0x080001b7   Thumb Code     0  startup_stm32f407xx.o(.text)
    UART5_IRQHandler                         0x080001b7   Thumb Code     0  startup_stm32f407xx.o(.text)
    USART1_IRQHandler                        0x080001b7   Thumb Code     0  startup_stm32f407xx.o(.text)
    USART6_IRQHandler                        0x080001b7   Thumb Code     0  startup_stm32f407xx.o(.text)
    WWDG_IRQHandler                          0x080001b7   Thumb Code     0  startup_stm32f407xx.o(.text)
    __aeabi_uldivmod                         0x080001c1   Thumb Code    98  uldiv.o(.text)
    __aeabi_memcpy                           0x08000223   Thumb Code    36  memcpya.o(.text)
    __aeabi_memcpy4                          0x08000223   Thumb Code     0  memcpya.o(.text)
    __aeabi_memcpy8                          0x08000223   Thumb Code     0  memcpya.o(.text)
    __aeabi_memset                           0x08000247   Thumb Code    14  memseta.o(.text)
    __aeabi_memset4                          0x08000247   Thumb Code     0  memseta.o(.text)
    __aeabi_memset8                          0x08000247   Thumb Code     0  memseta.o(.text)
    __aeabi_memclr                           0x08000255   Thumb Code     4  memseta.o(.text)
    __aeabi_memclr4                          0x08000255   Thumb Code     0  memseta.o(.text)
    __aeabi_memclr8                          0x08000255   Thumb Code     0  memseta.o(.text)
    _memset$wrapper                          0x08000259   Thumb Code    18  memseta.o(.text)
    strlen                                   0x0800026b   Thumb Code    14  strlen.o(.text)
    strcpy                                   0x08000279   Thumb Code    18  strcpy.o(.text)
    __aeabi_dadd                             0x0800028b   Thumb Code   322  dadd.o(.text)
    __aeabi_dsub                             0x080003cd   Thumb Code     6  dadd.o(.text)
    __aeabi_drsub                            0x080003d3   Thumb Code     6  dadd.o(.text)
    __aeabi_dmul                             0x080003d9   Thumb Code   228  dmul.o(.text)
    __aeabi_ddiv                             0x080004bd   Thumb Code   222  ddiv.o(.text)
    __aeabi_ui2d                             0x0800059b   Thumb Code    26  dfltui.o(.text)
    __aeabi_f2d                              0x080005b5   Thumb Code    38  f2d.o(.text)
    __aeabi_d2f                              0x080005db   Thumb Code    56  d2f.o(.text)
    __aeabi_uidiv                            0x08000613   Thumb Code     0  uidiv.o(.text)
    __aeabi_uidivmod                         0x08000613   Thumb Code    44  uidiv.o(.text)
    __aeabi_llsl                             0x0800063f   Thumb Code    30  llshl.o(.text)
    _ll_shift_l                              0x0800063f   Thumb Code     0  llshl.o(.text)
    __aeabi_llsr                             0x0800065d   Thumb Code    32  llushr.o(.text)
    _ll_ushift_r                             0x0800065d   Thumb Code     0  llushr.o(.text)
    __aeabi_lasr                             0x0800067d   Thumb Code    36  llsshr.o(.text)
    _ll_sshift_r                             0x0800067d   Thumb Code     0  llsshr.o(.text)
    __I$use$fp                               0x080006a1   Thumb Code     0  iusefp.o(.text)
    _float_round                             0x080006a1   Thumb Code    18  fepilogue.o(.text)
    _float_epilogue                          0x080006b3   Thumb Code    92  fepilogue.o(.text)
    _double_round                            0x0800070f   Thumb Code    30  depilogue.o(.text)
    _double_epilogue                         0x0800072d   Thumb Code   156  depilogue.o(.text)
    __ARM_scalbn                             0x080007c9   Thumb Code    46  dscalb.o(.text)
    scalbn                                   0x080007c9   Thumb Code     0  dscalb.o(.text)
    _dsqrt                                   0x080007f7   Thumb Code   162  dsqrt.o(.text)
    __aeabi_i2d                              0x08000899   Thumb Code    34  dflti.o(.text)
    __aeabi_cdrcmple                         0x080008bd   Thumb Code    48  cdrcmple.o(.text)
    __scatterload                            0x080008ed   Thumb Code    28  init.o(.text)
    __scatterload_rt2                        0x080008ed   Thumb Code     0  init.o(.text)
    __aeabi_d2iz                             0x08000911   Thumb Code    62  dfixi.o(.text)
    __decompress                             0x0800094f   Thumb Code     0  __dczerorl.o(.text)
    __decompress0                            0x0800094f   Thumb Code    58  __dczerorl.o(.text)
    BusFault_Handler                         0x08000989   Thumb Code     2  stm32f4xx_it.o(i.BusFault_Handler)
    DMA1_Stream0_IRQHandler                  0x0800098d   Thumb Code     6  stm32f4xx_it.o(i.DMA1_Stream0_IRQHandler)
    DebugMon_Handler                         0x08000a3d   Thumb Code     2  stm32f4xx_it.o(i.DebugMon_Handler)
    ESP_Init                                 0x08000a41   Thumb Code   328  esp8266_hal.o(i.ESP_Init)
    ESP_wifi_start                           0x08000d15   Thumb Code   364  esp8266_hal.o(i.ESP_wifi_start)
    EXTI2_IRQHandler                         0x08000ead   Thumb Code     6  stm32f4xx_it.o(i.EXTI2_IRQHandler)
    EXTI4_IRQHandler                         0x08000eb3   Thumb Code     6  stm32f4xx_it.o(i.EXTI4_IRQHandler)
    Error_Handler                            0x08000eb9   Thumb Code     2  main.o(i.Error_Handler)
    HAL_DMA_Abort_IT                         0x08000ebb   Thumb Code    36  stm32f4xx_hal_dma.o(i.HAL_DMA_Abort_IT)
    HAL_DMA_GetError                         0x08000edf   Thumb Code     4  stm32f4xx_hal_dma.o(i.HAL_DMA_GetError)
    HAL_DMA_IRQHandler                       0x08000ee5   Thumb Code   412  stm32f4xx_hal_dma.o(i.HAL_DMA_IRQHandler)
    HAL_DMA_Init                             0x08001085   Thumb Code   206  stm32f4xx_hal_dma.o(i.HAL_DMA_Init)
    HAL_DMA_Start_IT                         0x08001159   Thumb Code   110  stm32f4xx_hal_dma.o(i.HAL_DMA_Start_IT)
    HAL_Delay                                0x080011c9   Thumb Code    32  stm32f4xx_hal.o(i.HAL_Delay)
    HAL_GPIO_EXTI_Callback                   0x080011ed   Thumb Code    74  main.o(i.HAL_GPIO_EXTI_Callback)
    HAL_GPIO_EXTI_IRQHandler                 0x08001241   Thumb Code    18  stm32f4xx_hal_gpio.o(i.HAL_GPIO_EXTI_IRQHandler)
    HAL_GPIO_Init                            0x08001259   Thumb Code   394  stm32f4xx_hal_gpio.o(i.HAL_GPIO_Init)
    HAL_GPIO_ReadPin                         0x08001411   Thumb Code    10  stm32f4xx_hal_gpio.o(i.HAL_GPIO_ReadPin)
    HAL_GPIO_TogglePin                       0x0800141b   Thumb Code    14  stm32f4xx_hal_gpio.o(i.HAL_GPIO_TogglePin)
    HAL_GPIO_WritePin                        0x08001429   Thumb Code    10  stm32f4xx_hal_gpio.o(i.HAL_GPIO_WritePin)
    HAL_GetTick                              0x08001435   Thumb Code     6  stm32f4xx_hal.o(i.HAL_GetTick)
    HAL_I2C_ErrorCallback                    0x08001441   Thumb Code     2  stm32f4xx_hal_i2c.o(i.HAL_I2C_ErrorCallback)
    HAL_I2C_Init                             0x08001445   Thumb Code   376  stm32f4xx_hal_i2c.o(i.HAL_I2C_Init)
    HAL_I2C_MasterRxCpltCallback             0x080015cd   Thumb Code     2  stm32f4xx_hal_i2c.o(i.HAL_I2C_MasterRxCpltCallback)
    HAL_I2C_MemRxCpltCallback                0x080015d1   Thumb Code   130  main.o(i.HAL_I2C_MemRxCpltCallback)
    HAL_I2C_Mem_Read                         0x0800166d   Thumb Code   490  stm32f4xx_hal_i2c.o(i.HAL_I2C_Mem_Read)
    HAL_I2C_Mem_Read_DMA                     0x08001865   Thumb Code   384  stm32f4xx_hal_i2c.o(i.HAL_I2C_Mem_Read_DMA)
    HAL_I2C_Mem_Write                        0x080019f5   Thumb Code   294  stm32f4xx_hal_i2c.o(i.HAL_I2C_Mem_Write)
    HAL_I2C_MspInit                          0x08001b25   Thumb Code   138  stm32f4xx_hal_msp.o(i.HAL_I2C_MspInit)
    HAL_I2C_SlaveRxCpltCallback              0x08001bc5   Thumb Code     2  stm32f4xx_hal_i2c.o(i.HAL_I2C_SlaveRxCpltCallback)
    HAL_I2C_SlaveTxCpltCallback              0x08001bc7   Thumb Code     2  stm32f4xx_hal_i2c.o(i.HAL_I2C_SlaveTxCpltCallback)
    HAL_IncTick                              0x08001bc9   Thumb Code    12  stm32f4xx_hal.o(i.HAL_IncTick)
    HAL_Init                                 0x08001bd9   Thumb Code    48  stm32f4xx_hal.o(i.HAL_Init)
    HAL_InitTick                             0x08001c0d   Thumb Code    54  stm32f4xx_hal.o(i.HAL_InitTick)
    HAL_MspInit                              0x08001c4d   Thumb Code    42  stm32f4xx_hal_msp.o(i.HAL_MspInit)
    HAL_NVIC_EnableIRQ                       0x08001c7d   Thumb Code    26  stm32f4xx_hal_cortex.o(i.HAL_NVIC_EnableIRQ)
    HAL_NVIC_SetPriority                     0x08001c99   Thumb Code    60  stm32f4xx_hal_cortex.o(i.HAL_NVIC_SetPriority)
    HAL_NVIC_SetPriorityGrouping             0x08001cd9   Thumb Code    26  stm32f4xx_hal_cortex.o(i.HAL_NVIC_SetPriorityGrouping)
    HAL_RCC_ClockConfig                      0x08001cfd   Thumb Code   288  stm32f4xx_hal_rcc.o(i.HAL_RCC_ClockConfig)
    HAL_RCC_GetPCLK1Freq                     0x08001e31   Thumb Code    20  stm32f4xx_hal_rcc.o(i.HAL_RCC_GetPCLK1Freq)
    HAL_RCC_GetPCLK2Freq                     0x08001e51   Thumb Code    20  stm32f4xx_hal_rcc.o(i.HAL_RCC_GetPCLK2Freq)
    HAL_RCC_GetSysClockFreq                  0x08001e71   Thumb Code    88  stm32f4xx_hal_rcc.o(i.HAL_RCC_GetSysClockFreq)
    HAL_RCC_OscConfig                        0x08001ed1   Thumb Code   834  stm32f4xx_hal_rcc.o(i.HAL_RCC_OscConfig)
    HAL_SYSTICK_Config                       0x0800222d   Thumb Code    40  stm32f4xx_hal_cortex.o(i.HAL_SYSTICK_Config)
    HAL_TIMEx_MasterConfigSynchronization    0x08002255   Thumb Code   116  stm32f4xx_hal_tim_ex.o(i.HAL_TIMEx_MasterConfigSynchronization)
    HAL_TIM_Base_Init                        0x080022e5   Thumb Code    54  stm32f4xx_hal_tim.o(i.HAL_TIM_Base_Init)
    HAL_TIM_Base_MspInit                     0x0800231d   Thumb Code    30  stm32f4xx_hal_msp.o(i.HAL_TIM_Base_MspInit)
    HAL_TIM_ConfigClockSource                0x08002345   Thumb Code   214  stm32f4xx_hal_tim.o(i.HAL_TIM_ConfigClockSource)
    HAL_TIM_MspPostInit                      0x0800241d   Thumb Code    98  stm32f4xx_hal_msp.o(i.HAL_TIM_MspPostInit)
    HAL_TIM_PWM_ConfigChannel                0x08002491   Thumb Code   208  stm32f4xx_hal_tim.o(i.HAL_TIM_PWM_ConfigChannel)
    HAL_TIM_PWM_Init                         0x08002561   Thumb Code    54  stm32f4xx_hal_tim.o(i.HAL_TIM_PWM_Init)
    HAL_TIM_PWM_MspInit                      0x08002597   Thumb Code     2  stm32f4xx_hal_tim.o(i.HAL_TIM_PWM_MspInit)
    HAL_TIM_PWM_Start                        0x08002599   Thumb Code    58  stm32f4xx_hal_tim.o(i.HAL_TIM_PWM_Start)
    HAL_UART_ErrorCallback                   0x080025dd   Thumb Code     2  stm32f4xx_hal_uart.o(i.HAL_UART_ErrorCallback)
    HAL_UART_IRQHandler                      0x080025e1   Thumb Code   270  stm32f4xx_hal_uart.o(i.HAL_UART_IRQHandler)
    HAL_UART_Init                            0x080026f5   Thumb Code    98  stm32f4xx_hal_uart.o(i.HAL_UART_Init)
    HAL_UART_MspInit                         0x08002759   Thumb Code   182  stm32f4xx_hal_msp.o(i.HAL_UART_MspInit)
    HAL_UART_RxCpltCallback                  0x08002825   Thumb Code     2  stm32f4xx_hal_uart.o(i.HAL_UART_RxCpltCallback)
    HAL_UART_TxCpltCallback                  0x08002827   Thumb Code     2  stm32f4xx_hal_uart.o(i.HAL_UART_TxCpltCallback)
    HardFault_Handler                        0x08002829   Thumb Code     2  stm32f4xx_it.o(i.HardFault_Handler)
    MPU9250_Config                           0x08002d45   Thumb Code   452  mpu9250.o(i.MPU9250_Config)
    MPU9250_Init                             0x08002f31   Thumb Code    10  mpu9250.o(i.MPU9250_Init)
    MemManage_Handler                        0x080030ed   Thumb Code     2  stm32f4xx_it.o(i.MemManage_Handler)
    NMI_Handler                              0x080030ef   Thumb Code     2  stm32f4xx_it.o(i.NMI_Handler)
    PendSV_Handler                           0x080030f1   Thumb Code     2  stm32f4xx_it.o(i.PendSV_Handler)
    Ringbuf_init                             0x080030f5   Thumb Code    60  uartringbuffer_multi.o(i.Ringbuf_init)
    SVC_Handler                              0x08003141   Thumb Code     2  stm32f4xx_it.o(i.SVC_Handler)
    Server_control                           0x08003145   Thumb Code   262  esp8266_hal.o(i.Server_control)
    Server_data_send                         0x08003259   Thumb Code   118  esp8266_hal.o(i.Server_data_send)
    Server_data_wait                         0x08003301   Thumb Code   170  esp8266_hal.o(i.Server_data_wait)
    Server_id_close                          0x080033c5   Thumb Code    30  esp8266_hal.o(i.Server_id_close)
    Server_start_receive                     0x080033fd   Thumb Code   110  esp8266_hal.o(i.Server_start_receive)
    Server_start_transmit                    0x08003479   Thumb Code   152  esp8266_hal.o(i.Server_start_transmit)
    SysTick_Handler                          0x080035d5   Thumb Code     4  stm32f4xx_it.o(i.SysTick_Handler)
    SystemClock_Config                       0x080035d9   Thumb Code   122  main.o(i.SystemClock_Config)
    SystemInit                               0x0800365d   Thumb Code    22  system_stm32f4xx.o(i.SystemInit)
    TIM_Base_SetConfig                       0x08003679   Thumb Code   156  stm32f4xx_hal_tim.o(i.TIM_Base_SetConfig)
    TIM_CCxChannelCmd                        0x08003741   Thumb Code    26  stm32f4xx_hal_tim.o(i.TIM_CCxChannelCmd)
    TIM_ETR_SetConfig                        0x0800375b   Thumb Code    20  stm32f4xx_hal_tim.o(i.TIM_ETR_SetConfig)
    TIM_OC2_SetConfig                        0x080037e1   Thumb Code    98  stm32f4xx_hal_tim.o(i.TIM_OC2_SetConfig)
    USART2_IRQHandler                        0x08003b99   Thumb Code    18  stm32f4xx_it.o(i.USART2_IRQHandler)
    USART3_IRQHandler                        0x08003bb1   Thumb Code    18  stm32f4xx_it.o(i.USART3_IRQHandler)
    Uart_isr                                 0x08003bc9   Thumb Code   104  uartringbuffer_multi.o(i.Uart_isr)
    Uart_isr_RxCpltCallback                  0x08003c3d   Thumb Code   126  main.o(i.Uart_isr_RxCpltCallback)
    Uart_sendstring                          0x08003cc1   Thumb Code    24  uartringbuffer_multi.o(i.Uart_sendstring)
    Uart_write                               0x08003cd9   Thumb Code    80  uartringbuffer_multi.o(i.Uart_write)
    UsageFault_Handler                       0x08003d35   Thumb Code     2  stm32f4xx_it.o(i.UsageFault_Handler)
    __0sprintf$3                             0x08003d39   Thumb Code    34  printf3.o(i.__0sprintf$3)
    __1sprintf$3                             0x08003d39   Thumb Code     0  printf3.o(i.__0sprintf$3)
    __2sprintf                               0x08003d39   Thumb Code     0  printf3.o(i.__0sprintf$3)
    __ARM_fpclassify                         0x08003d61   Thumb Code    48  fpclassify.o(i.__ARM_fpclassify)
    __hardfp_cos                             0x08003db1   Thumb Code   180  cos.o(i.__hardfp_cos)
    __hardfp_pow                             0x08003e79   Thumb Code  3072  pow.o(i.__hardfp_pow)
    __hardfp_sin                             0x08004ac9   Thumb Code   180  sin.o(i.__hardfp_sin)
    __hardfp_sqrt                            0x08004b91   Thumb Code   122  sqrt.o(i.__hardfp_sqrt)
    __ieee754_rem_pio2                       0x08004c11   Thumb Code   938  rred.o(i.__ieee754_rem_pio2)
    __kernel_cos                             0x08005049   Thumb Code   322  cos_i.o(i.__kernel_cos)
    __kernel_poly                            0x080051b9   Thumb Code   248  poly.o(i.__kernel_poly)
    __kernel_sin                             0x080052b1   Thumb Code   280  sin_i.o(i.__kernel_sin)
    __mathlib_dbl_divzero                    0x080053e1   Thumb Code    28  dunder.o(i.__mathlib_dbl_divzero)
    __mathlib_dbl_infnan                     0x08005411   Thumb Code    20  dunder.o(i.__mathlib_dbl_infnan)
    __mathlib_dbl_infnan2                    0x08005425   Thumb Code    20  dunder.o(i.__mathlib_dbl_infnan2)
    __mathlib_dbl_invalid                    0x08005439   Thumb Code    24  dunder.o(i.__mathlib_dbl_invalid)
    __mathlib_dbl_overflow                   0x08005459   Thumb Code    24  dunder.o(i.__mathlib_dbl_overflow)
    __mathlib_dbl_underflow                  0x08005479   Thumb Code    24  dunder.o(i.__mathlib_dbl_underflow)
    __scatterload_copy                       0x08005499   Thumb Code    14  handlers.o(i.__scatterload_copy)
    __scatterload_null                       0x080054a7   Thumb Code     2  handlers.o(i.__scatterload_null)
    __scatterload_zeroinit                   0x080054a9   Thumb Code    14  handlers.o(i.__scatterload_zeroinit)
    __set_errno                              0x080054b9   Thumb Code     6  errno.o(i.__set_errno)
    accelCalibrate                           0x08005689   Thumb Code   230  mpu9250.o(i.accelCalibrate)
    encoderLocate                            0x08005779   Thumb Code   116  encoder.o(i.encoderLocate)
    fabs                                     0x080057fd   Thumb Code    24  fabs.o(i.fabs)
    getPattern                               0x08005815   Thumb Code   208  ips.o(i.getPattern)
    getPatternData                           0x080058fd   Thumb Code   116  ips.o(i.getPatternData)
    getYaw                                   0x08005979   Thumb Code    54  ips.o(i.getYaw)
    main                                     0x080059b9   Thumb Code  1282  main.o(i.main)
    pidCompute                               0x08005ec5   Thumb Code   448  encoder.o(i.pidCompute)
    pidInit                                  0x080060a1   Thumb Code    46  encoder.o(i.pidInit)
    pidSetPWM                                0x080060d9   Thumb Code   356  encoder.o(i.pidSetPWM)
    pidValue                                 0x08006255   Thumb Code   308  encoder.o(i.pidValue)
    readDMAData                              0x08006399   Thumb Code   228  mpu9250.o(i.readDMAData)
    readRawData                              0x08006485   Thumb Code   118  mpu9250.o(i.readRawData)
    sqrt                                     0x08006501   Thumb Code   110  sqrt.o(i.sqrt)
    AHBPrescTable                            0x08006576   Data          16  system_stm32f4xx.o(.constdata)
    APBPrescTable                            0x08006586   Data           8  system_stm32f4xx.o(.constdata)
    __mathlib_zero                           0x08006648   Data           8  qnan.o(.constdata)
    Region$$Table$$Base                      0x08006740   Number         0  anon$$obj.o(Region$$Table)
    Region$$Table$$Limit                     0x08006760   Number         0  anon$$obj.o(Region$$Table)
    find_complet                             0x20000000   Data           1  esp8266_hal.o(.data)
    sema                                     0x2000000c   Data           4  esp8266_hal.o(.data)
    _tx_buffer1                              0x20000054   Data           4  uartringbuffer_multi.o(.data)
    _tx_buffer2                              0x20000058   Data           4  uartringbuffer_multi.o(.data)
    Link_ID                                  0x2000005c   Data           1  main.o(.data)
    Server_Data                              0x2000005d   Data           1  main.o(.data)
    flag_ISR                                 0x2000005e   Data           1  main.o(.data)
    state                                    0x2000005f   Data           1  main.o(.data)
    result                                   0x20000060   Data           1  main.o(.data)
    wifi_uart                                0x20000064   Data           4  main.o(.data)
    encoderL_Count_F                         0x20000068   Data           4  main.o(.data)
    encoderL_Count_B                         0x2000006c   Data           4  main.o(.data)
    encoderR_Count_F                         0x20000070   Data           4  main.o(.data)
    encoderR_Count_B                         0x20000074   Data           4  main.o(.data)
    kp                                       0x20000078   Data           4  main.o(.data)
    ki                                       0x2000007c   Data           4  main.o(.data)
    kd                                       0x20000080   Data           4  main.o(.data)
    setpoint                                 0x20000084   Data           4  main.o(.data)
    sampletime                               0x20000088   Data           4  main.o(.data)
    output_L                                 0x2000008c   Data           4  main.o(.data)
    output_R                                 0x20000090   Data           4  main.o(.data)
    distance_dt                              0x20000094   Data           4  main.o(.data)
    angle_dt                                 0x20000098   Data           4  main.o(.data)
    angle_enco                               0x2000009c   Data           4  main.o(.data)
    distance_enco                            0x200000a0   Data           4  main.o(.data)
    angle_mpu                                0x200000a4   Data           4  main.o(.data)
    x_axis1                                  0x200000a8   Data           4  main.o(.data)
    y_axis1                                  0x200000ac   Data           4  main.o(.data)
    x_axis2                                  0x200000b0   Data           4  main.o(.data)
    y_axis2                                  0x200000b4   Data           4  main.o(.data)
    value1                                   0x200000b8   Data           4  main.o(.data)
    value2                                   0x200000bc   Data           4  main.o(.data)
    value3                                   0x200000c0   Data           4  main.o(.data)
    value4                                   0x200000c4   Data           4  main.o(.data)
    pc_uart                                  0x200000c8   Data           4  main.o(.data)
    uwTickFreq                               0x20000150   Data           1  stm32f4xx_hal.o(.data)
    uwTickPrio                               0x20000154   Data           4  stm32f4xx_hal.o(.data)
    uwTick                                   0x20000158   Data           4  stm32f4xx_hal.o(.data)
    SystemCoreClock                          0x2000015c   Data           4  system_stm32f4xx.o(.data)
    find_data                                0x20000164   Data          40  esp8266_hal.o(.bss)
    tx_buffer1                               0x2000021c   Data          72  uartringbuffer_multi.o(.bss)
    tx_buffer2                               0x20000264   Data          72  uartringbuffer_multi.o(.bss)
    hi2c1                                    0x200002ac   Data          84  main.o(.bss)
    htim3                                    0x20000300   Data          64  main.o(.bss)
    huart2                                   0x20000340   Data          64  main.o(.bss)
    huart3                                   0x20000380   Data          64  main.o(.bss)
    bias_accel                               0x200003c0   Data          12  main.o(.bss)
    rawdata                                  0x200003cc   Data          14  main.o(.bss)
    hdma_i2c1_rx                             0x200003dc   Data          96  main.o(.bss)
    __initial_sp                             0x20000840   Data           0  startup_stm32f407xx.o(STACK)



==============================================================================

Memory Map of the image

  Image Entry point : 0x08000189

  Load Region LR_IROM1 (Base: 0x08000000, Size: 0x000068c4, Max: 0x00100000, ABSOLUTE, COMPRESSED[0x00006780])

    Execution Region ER_IROM1 (Exec base: 0x08000000, Load base: 0x08000000, Size: 0x00006760, Max: 0x00100000, ABSOLUTE)

    Exec Addr    Load Addr    Size         Type   Attr      Idx    E Section Name        Object

    0x08000000   0x08000000   0x00000188   Data   RO            3    RESET               startup_stm32f407xx.o
    0x08000188   0x08000188   0x00000000   Code   RO         3937  * .ARM.Collect$$$$00000000  mc_w.l(entry.o)
    0x08000188   0x08000188   0x00000004   Code   RO         4278    .ARM.Collect$$$$00000001  mc_w.l(entry2.o)
    0x0800018c   0x0800018c   0x00000004   Code   RO         4281    .ARM.Collect$$$$00000004  mc_w.l(entry5.o)
    0x08000190   0x08000190   0x00000000   Code   RO         4283    .ARM.Collect$$$$00000008  mc_w.l(entry7b.o)
    0x08000190   0x08000190   0x00000000   Code   RO         4285    .ARM.Collect$$$$0000000A  mc_w.l(entry8b.o)
    0x08000190   0x08000190   0x00000008   Code   RO         4286    .ARM.Collect$$$$0000000B  mc_w.l(entry9a.o)
    0x08000198   0x08000198   0x00000000   Code   RO         4288    .ARM.Collect$$$$0000000D  mc_w.l(entry10a.o)
    0x08000198   0x08000198   0x00000000   Code   RO         4290    .ARM.Collect$$$$0000000F  mc_w.l(entry11a.o)
    0x08000198   0x08000198   0x00000004   Code   RO         4279    .ARM.Collect$$$$00002712  mc_w.l(entry2.o)
    0x0800019c   0x0800019c   0x00000024   Code   RO            4    .text               startup_stm32f407xx.o
    0x080001c0   0x080001c0   0x00000062   Code   RO         3940    .text               mc_w.l(uldiv.o)
    0x08000222   0x08000222   0x00000024   Code   RO         3942    .text               mc_w.l(memcpya.o)
    0x08000246   0x08000246   0x00000024   Code   RO         3944    .text               mc_w.l(memseta.o)
    0x0800026a   0x0800026a   0x0000000e   Code   RO         3946    .text               mc_w.l(strlen.o)
    0x08000278   0x08000278   0x00000012   Code   RO         3948    .text               mc_w.l(strcpy.o)
    0x0800028a   0x0800028a   0x0000014e   Code   RO         4213    .text               mf_w.l(dadd.o)
    0x080003d8   0x080003d8   0x000000e4   Code   RO         4215    .text               mf_w.l(dmul.o)
    0x080004bc   0x080004bc   0x000000de   Code   RO         4217    .text               mf_w.l(ddiv.o)
    0x0800059a   0x0800059a   0x0000001a   Code   RO         4219    .text               mf_w.l(dfltui.o)
    0x080005b4   0x080005b4   0x00000026   Code   RO         4221    .text               mf_w.l(f2d.o)
    0x080005da   0x080005da   0x00000038   Code   RO         4223    .text               mf_w.l(d2f.o)
    0x08000612   0x08000612   0x0000002c   Code   RO         4293    .text               mc_w.l(uidiv.o)
    0x0800063e   0x0800063e   0x0000001e   Code   RO         4295    .text               mc_w.l(llshl.o)
    0x0800065c   0x0800065c   0x00000020   Code   RO         4297    .text               mc_w.l(llushr.o)
    0x0800067c   0x0800067c   0x00000024   Code   RO         4299    .text               mc_w.l(llsshr.o)
    0x080006a0   0x080006a0   0x00000000   Code   RO         4308    .text               mc_w.l(iusefp.o)
    0x080006a0   0x080006a0   0x0000006e   Code   RO         4309    .text               mf_w.l(fepilogue.o)
    0x0800070e   0x0800070e   0x000000ba   Code   RO         4311    .text               mf_w.l(depilogue.o)
    0x080007c8   0x080007c8   0x0000002e   Code   RO         4315    .text               mf_w.l(dscalb.o)
    0x080007f6   0x080007f6   0x000000a2   Code   RO         4317    .text               mf_w.l(dsqrt.o)
    0x08000898   0x08000898   0x00000022   Code   RO         4319    .text               mf_w.l(dflti.o)
    0x080008ba   0x080008ba   0x00000002   PAD
    0x080008bc   0x080008bc   0x00000030   Code   RO         4325    .text               mf_w.l(cdrcmple.o)
    0x080008ec   0x080008ec   0x00000024   Code   RO         4327    .text               mc_w.l(init.o)
    0x08000910   0x08000910   0x0000003e   Code   RO         4329    .text               mf_w.l(dfixi.o)
    0x0800094e   0x0800094e   0x0000003a   Code   RO         4339    .text               mc_w.l(__dczerorl.o)
    0x08000988   0x08000988   0x00000002   Code   RO          786    i.BusFault_Handler  stm32f4xx_it.o
    0x0800098a   0x0800098a   0x00000002   PAD
    0x0800098c   0x0800098c   0x0000000c   Code   RO          787    i.DMA1_Stream0_IRQHandler  stm32f4xx_it.o
    0x08000998   0x08000998   0x00000028   Code   RO         1913    i.DMA_CalcBaseAndBitshift  stm32f4xx_hal_dma.o
    0x080009c0   0x080009c0   0x00000054   Code   RO         1914    i.DMA_CheckFifoParam  stm32f4xx_hal_dma.o
    0x08000a14   0x08000a14   0x00000028   Code   RO         1915    i.DMA_SetConfig     stm32f4xx_hal_dma.o
    0x08000a3c   0x08000a3c   0x00000002   Code   RO          788    i.DebugMon_Handler  stm32f4xx_it.o
    0x08000a3e   0x08000a3e   0x00000002   PAD
    0x08000a40   0x08000a40   0x000002d4   Code   RO           13    i.ESP_Init          esp8266_hal.o
    0x08000d14   0x08000d14   0x00000198   Code   RO           14    i.ESP_wifi_start    esp8266_hal.o
    0x08000eac   0x08000eac   0x00000006   Code   RO          789    i.EXTI2_IRQHandler  stm32f4xx_it.o
    0x08000eb2   0x08000eb2   0x00000006   Code   RO          790    i.EXTI4_IRQHandler  stm32f4xx_it.o
    0x08000eb8   0x08000eb8   0x00000002   Code   RO          698    i.Error_Handler     main.o
    0x08000eba   0x08000eba   0x00000024   Code   RO         1917    i.HAL_DMA_Abort_IT  stm32f4xx_hal_dma.o
    0x08000ede   0x08000ede   0x00000004   Code   RO         1919    i.HAL_DMA_GetError  stm32f4xx_hal_dma.o
    0x08000ee2   0x08000ee2   0x00000002   PAD
    0x08000ee4   0x08000ee4   0x000001a0   Code   RO         1921    i.HAL_DMA_IRQHandler  stm32f4xx_hal_dma.o
    0x08001084   0x08001084   0x000000d4   Code   RO         1922    i.HAL_DMA_Init      stm32f4xx_hal_dma.o
    0x08001158   0x08001158   0x0000006e   Code   RO         1926    i.HAL_DMA_Start_IT  stm32f4xx_hal_dma.o
    0x080011c6   0x080011c6   0x00000002   PAD
    0x080011c8   0x080011c8   0x00000024   Code   RO         2335    i.HAL_Delay         stm32f4xx_hal.o
    0x080011ec   0x080011ec   0x00000054   Code   RO          699    i.HAL_GPIO_EXTI_Callback  main.o
    0x08001240   0x08001240   0x00000018   Code   RO         1808    i.HAL_GPIO_EXTI_IRQHandler  stm32f4xx_hal_gpio.o
    0x08001258   0x08001258   0x000001b8   Code   RO         1809    i.HAL_GPIO_Init     stm32f4xx_hal_gpio.o
    0x08001410   0x08001410   0x0000000a   Code   RO         1811    i.HAL_GPIO_ReadPin  stm32f4xx_hal_gpio.o
    0x0800141a   0x0800141a   0x0000000e   Code   RO         1812    i.HAL_GPIO_TogglePin  stm32f4xx_hal_gpio.o
    0x08001428   0x08001428   0x0000000a   Code   RO         1813    i.HAL_GPIO_WritePin  stm32f4xx_hal_gpio.o
    0x08001432   0x08001432   0x00000002   PAD
    0x08001434   0x08001434   0x0000000c   Code   RO         2341    i.HAL_GetTick       stm32f4xx_hal.o
    0x08001440   0x08001440   0x00000002   Code   RO         1016    i.HAL_I2C_ErrorCallback  stm32f4xx_hal_i2c.o
    0x08001442   0x08001442   0x00000002   PAD
    0x08001444   0x08001444   0x00000188   Code   RO         1020    i.HAL_I2C_Init      stm32f4xx_hal_i2c.o
    0x080015cc   0x080015cc   0x00000002   Code   RO         1023    i.HAL_I2C_MasterRxCpltCallback  stm32f4xx_hal_i2c.o
    0x080015ce   0x080015ce   0x00000002   PAD
    0x080015d0   0x080015d0   0x0000009c   Code   RO          700    i.HAL_I2C_MemRxCpltCallback  main.o
    0x0800166c   0x0800166c   0x000001f8   Code   RO         1038    i.HAL_I2C_Mem_Read  stm32f4xx_hal_i2c.o
    0x08001864   0x08001864   0x00000190   Code   RO         1039    i.HAL_I2C_Mem_Read_DMA  stm32f4xx_hal_i2c.o
    0x080019f4   0x080019f4   0x00000130   Code   RO         1041    i.HAL_I2C_Mem_Write  stm32f4xx_hal_i2c.o
    0x08001b24   0x08001b24   0x000000a0   Code   RO          893    i.HAL_I2C_MspInit   stm32f4xx_hal_msp.o
    0x08001bc4   0x08001bc4   0x00000002   Code   RO         1046    i.HAL_I2C_SlaveRxCpltCallback  stm32f4xx_hal_i2c.o
    0x08001bc6   0x08001bc6   0x00000002   Code   RO         1047    i.HAL_I2C_SlaveTxCpltCallback  stm32f4xx_hal_i2c.o
    0x08001bc8   0x08001bc8   0x00000010   Code   RO         2347    i.HAL_IncTick       stm32f4xx_hal.o
    0x08001bd8   0x08001bd8   0x00000034   Code   RO         2348    i.HAL_Init          stm32f4xx_hal.o
    0x08001c0c   0x08001c0c   0x00000040   Code   RO         2349    i.HAL_InitTick      stm32f4xx_hal.o
    0x08001c4c   0x08001c4c   0x00000030   Code   RO          894    i.HAL_MspInit       stm32f4xx_hal_msp.o
    0x08001c7c   0x08001c7c   0x0000001a   Code   RO         2198    i.HAL_NVIC_EnableIRQ  stm32f4xx_hal_cortex.o
    0x08001c96   0x08001c96   0x00000002   PAD
    0x08001c98   0x08001c98   0x00000040   Code   RO         2204    i.HAL_NVIC_SetPriority  stm32f4xx_hal_cortex.o
    0x08001cd8   0x08001cd8   0x00000024   Code   RO         2205    i.HAL_NVIC_SetPriorityGrouping  stm32f4xx_hal_cortex.o
    0x08001cfc   0x08001cfc   0x00000134   Code   RO         1455    i.HAL_RCC_ClockConfig  stm32f4xx_hal_rcc.o
    0x08001e30   0x08001e30   0x00000020   Code   RO         1462    i.HAL_RCC_GetPCLK1Freq  stm32f4xx_hal_rcc.o
    0x08001e50   0x08001e50   0x00000020   Code   RO         1463    i.HAL_RCC_GetPCLK2Freq  stm32f4xx_hal_rcc.o
    0x08001e70   0x08001e70   0x00000060   Code   RO         1464    i.HAL_RCC_GetSysClockFreq  stm32f4xx_hal_rcc.o
    0x08001ed0   0x08001ed0   0x0000035c   Code   RO         1467    i.HAL_RCC_OscConfig  stm32f4xx_hal_rcc.o
    0x0800222c   0x0800222c   0x00000028   Code   RO         2209    i.HAL_SYSTICK_Config  stm32f4xx_hal_cortex.o
    0x08002254   0x08002254   0x00000090   Code   RO         3281    i.HAL_TIMEx_MasterConfigSynchronization  stm32f4xx_hal_tim_ex.o
    0x080022e4   0x080022e4   0x00000036   Code   RO         2588    i.HAL_TIM_Base_Init  stm32f4xx_hal_tim.o
    0x0800231a   0x0800231a   0x00000002   PAD
    0x0800231c   0x0800231c   0x00000028   Code   RO          896    i.HAL_TIM_Base_MspInit  stm32f4xx_hal_msp.o
    0x08002344   0x08002344   0x000000d6   Code   RO         2597    i.HAL_TIM_ConfigClockSource  stm32f4xx_hal_tim.o
    0x0800241a   0x0800241a   0x00000002   PAD
    0x0800241c   0x0800241c   0x00000074   Code   RO          897    i.HAL_TIM_MspPostInit  stm32f4xx_hal_msp.o
    0x08002490   0x08002490   0x000000d0   Code   RO         2655    i.HAL_TIM_PWM_ConfigChannel  stm32f4xx_hal_tim.o
    0x08002560   0x08002560   0x00000036   Code   RO         2658    i.HAL_TIM_PWM_Init  stm32f4xx_hal_tim.o
    0x08002596   0x08002596   0x00000002   Code   RO         2660    i.HAL_TIM_PWM_MspInit  stm32f4xx_hal_tim.o
    0x08002598   0x08002598   0x00000044   Code   RO         2663    i.HAL_TIM_PWM_Start  stm32f4xx_hal_tim.o
    0x080025dc   0x080025dc   0x00000002   Code   RO         3535    i.HAL_UART_ErrorCallback  stm32f4xx_hal_uart.o
    0x080025de   0x080025de   0x00000002   PAD
    0x080025e0   0x080025e0   0x00000114   Code   RO         3538    i.HAL_UART_IRQHandler  stm32f4xx_hal_uart.o
    0x080026f4   0x080026f4   0x00000062   Code   RO         3539    i.HAL_UART_Init     stm32f4xx_hal_uart.o
    0x08002756   0x08002756   0x00000002   PAD
    0x08002758   0x08002758   0x000000cc   Code   RO          899    i.HAL_UART_MspInit  stm32f4xx_hal_msp.o
    0x08002824   0x08002824   0x00000002   Code   RO         3545    i.HAL_UART_RxCpltCallback  stm32f4xx_hal_uart.o
    0x08002826   0x08002826   0x00000002   Code   RO         3550    i.HAL_UART_TxCpltCallback  stm32f4xx_hal_uart.o
    0x08002828   0x08002828   0x00000002   Code   RO          791    i.HardFault_Handler  stm32f4xx_it.o
    0x0800282a   0x0800282a   0x00000040   Code   RO         1059    i.I2C_DMAError      stm32f4xx_hal_i2c.o
    0x0800286a   0x0800286a   0x0000010a   Code   RO         1060    i.I2C_DMAXferCplt   stm32f4xx_hal_i2c.o
    0x08002974   0x08002974   0x0000002e   Code   RO         1062    i.I2C_IsAcknowledgeFailed  stm32f4xx_hal_i2c.o
    0x080029a2   0x080029a2   0x00000002   PAD
    0x080029a4   0x080029a4   0x000000fc   Code   RO         1072    i.I2C_RequestMemoryRead  stm32f4xx_hal_i2c.o
    0x08002aa0   0x08002aa0   0x000000a8   Code   RO         1073    i.I2C_RequestMemoryWrite  stm32f4xx_hal_i2c.o
    0x08002b48   0x08002b48   0x0000004c   Code   RO         1076    i.I2C_WaitOnBTFFlagUntilTimeout  stm32f4xx_hal_i2c.o
    0x08002b94   0x08002b94   0x00000068   Code   RO         1077    i.I2C_WaitOnFlagUntilTimeout  stm32f4xx_hal_i2c.o
    0x08002bfc   0x08002bfc   0x00000096   Code   RO         1078    i.I2C_WaitOnMasterAddressFlagUntilTimeout  stm32f4xx_hal_i2c.o
    0x08002c92   0x08002c92   0x00000066   Code   RO         1079    i.I2C_WaitOnRXNEFlagUntilTimeout  stm32f4xx_hal_i2c.o
    0x08002cf8   0x08002cf8   0x0000004c   Code   RO         1080    i.I2C_WaitOnTXEFlagUntilTimeout  stm32f4xx_hal_i2c.o
    0x08002d44   0x08002d44   0x000001ec   Code   RO          353    i.MPU9250_Config    mpu9250.o
    0x08002f30   0x08002f30   0x00000010   Code   RO          354    i.MPU9250_Init      mpu9250.o
    0x08002f40   0x08002f40   0x00000124   Code   RO          701    i.MX_GPIO_Init      main.o
    0x08003064   0x08003064   0x00000088   Code   RO          702    i.MX_TIM3_Init      main.o
    0x080030ec   0x080030ec   0x00000002   Code   RO          792    i.MemManage_Handler  stm32f4xx_it.o
    0x080030ee   0x080030ee   0x00000002   Code   RO          793    i.NMI_Handler       stm32f4xx_it.o
    0x080030f0   0x080030f0   0x00000002   Code   RO          794    i.PendSV_Handler    stm32f4xx_it.o
    0x080030f2   0x080030f2   0x00000002   PAD
    0x080030f4   0x080030f4   0x0000004c   Code   RO          555    i.Ringbuf_init      uartringbuffer_multi.o
    0x08003140   0x08003140   0x00000002   Code   RO          795    i.SVC_Handler       stm32f4xx_it.o
    0x08003142   0x08003142   0x00000002   PAD
    0x08003144   0x08003144   0x00000114   Code   RO           15    i.Server_control    esp8266_hal.o
    0x08003258   0x08003258   0x000000a8   Code   RO           16    i.Server_data_send  esp8266_hal.o
    0x08003300   0x08003300   0x000000c4   Code   RO           17    i.Server_data_wait  esp8266_hal.o
    0x080033c4   0x080033c4   0x00000038   Code   RO           18    i.Server_id_close   esp8266_hal.o
    0x080033fc   0x080033fc   0x0000007c   Code   RO           19    i.Server_start_receive  esp8266_hal.o
    0x08003478   0x08003478   0x0000015c   Code   RO           20    i.Server_start_transmit  esp8266_hal.o
    0x080035d4   0x080035d4   0x00000004   Code   RO          796    i.SysTick_Handler   stm32f4xx_it.o
    0x080035d8   0x080035d8   0x00000084   Code   RO          703    i.SystemClock_Config  main.o
    0x0800365c   0x0800365c   0x0000001c   Code   RO         3841    i.SystemInit        system_stm32f4xx.o
    0x08003678   0x08003678   0x000000c8   Code   RO         2676    i.TIM_Base_SetConfig  stm32f4xx_hal_tim.o
    0x08003740   0x08003740   0x0000001a   Code   RO         2677    i.TIM_CCxChannelCmd  stm32f4xx_hal_tim.o
    0x0800375a   0x0800375a   0x00000014   Code   RO         2687    i.TIM_ETR_SetConfig  stm32f4xx_hal_tim.o
    0x0800376e   0x0800376e   0x00000010   Code   RO         2688    i.TIM_ITRx_SetConfig  stm32f4xx_hal_tim.o
    0x0800377e   0x0800377e   0x00000002   PAD
    0x08003780   0x08003780   0x00000060   Code   RO         2689    i.TIM_OC1_SetConfig  stm32f4xx_hal_tim.o
    0x080037e0   0x080037e0   0x0000006c   Code   RO         2690    i.TIM_OC2_SetConfig  stm32f4xx_hal_tim.o
    0x0800384c   0x0800384c   0x00000068   Code   RO         2691    i.TIM_OC3_SetConfig  stm32f4xx_hal_tim.o
    0x080038b4   0x080038b4   0x00000050   Code   RO         2692    i.TIM_OC4_SetConfig  stm32f4xx_hal_tim.o
    0x08003904   0x08003904   0x00000022   Code   RO         2694    i.TIM_TI1_ConfigInputStage  stm32f4xx_hal_tim.o
    0x08003926   0x08003926   0x00000024   Code   RO         2696    i.TIM_TI2_ConfigInputStage  stm32f4xx_hal_tim.o
    0x0800394a   0x0800394a   0x00000010   Code   RO         3552    i.UART_DMAAbortOnError  stm32f4xx_hal_uart.o
    0x0800395a   0x0800395a   0x0000001c   Code   RO         3562    i.UART_EndRxTransfer  stm32f4xx_hal_uart.o
    0x08003976   0x08003976   0x00000096   Code   RO         3564    i.UART_Receive_IT   stm32f4xx_hal_uart.o
    0x08003a0c   0x08003a0c   0x00000128   Code   RO         3565    i.UART_SetConfig    stm32f4xx_hal_uart.o
    0x08003b34   0x08003b34   0x00000062   Code   RO         3566    i.UART_Transmit_IT  stm32f4xx_hal_uart.o
    0x08003b96   0x08003b96   0x00000002   PAD
    0x08003b98   0x08003b98   0x00000018   Code   RO          797    i.USART2_IRQHandler  stm32f4xx_it.o
    0x08003bb0   0x08003bb0   0x00000018   Code   RO          798    i.USART3_IRQHandler  stm32f4xx_it.o
    0x08003bc8   0x08003bc8   0x00000074   Code   RO          556    i.Uart_isr          uartringbuffer_multi.o
    0x08003c3c   0x08003c3c   0x00000084   Code   RO          704    i.Uart_isr_RxCpltCallback  main.o
    0x08003cc0   0x08003cc0   0x00000018   Code   RO          557    i.Uart_sendstring   uartringbuffer_multi.o
    0x08003cd8   0x08003cd8   0x0000005c   Code   RO          558    i.Uart_write        uartringbuffer_multi.o
    0x08003d34   0x08003d34   0x00000002   Code   RO          799    i.UsageFault_Handler  stm32f4xx_it.o
    0x08003d36   0x08003d36   0x00000002   PAD
    0x08003d38   0x08003d38   0x00000028   Code   RO         4043    i.__0sprintf$3      mc_w.l(printf3.o)
    0x08003d60   0x08003d60   0x00000030   Code   RO         4262    i.__ARM_fpclassify  m_wm.l(fpclassify.o)
    0x08003d90   0x08003d90   0x00000020   Code   RO         2211    i.__NVIC_SetPriority  stm32f4xx_hal_cortex.o
    0x08003db0   0x08003db0   0x000000c8   Code   RO         3887    i.__hardfp_cos      m_wm.l(cos.o)
    0x08003e78   0x08003e78   0x00000c50   Code   RO         3899    i.__hardfp_pow      m_wm.l(pow.o)
    0x08004ac8   0x08004ac8   0x000000c8   Code   RO         3913    i.__hardfp_sin      m_wm.l(sin.o)
    0x08004b90   0x08004b90   0x0000007a   Code   RO         3925    i.__hardfp_sqrt     m_wm.l(sqrt.o)
    0x08004c0a   0x08004c0a   0x00000006   PAD
    0x08004c10   0x08004c10   0x00000438   Code   RO         4267    i.__ieee754_rem_pio2  m_wm.l(rred.o)
    0x08005048   0x08005048   0x00000170   Code   RO         4239    i.__kernel_cos      m_wm.l(cos_i.o)
    0x080051b8   0x080051b8   0x000000f8   Code   RO         4264    i.__kernel_poly     m_wm.l(poly.o)
    0x080052b0   0x080052b0   0x00000130   Code   RO         4272    i.__kernel_sin      m_wm.l(sin_i.o)
    0x080053e0   0x080053e0   0x00000030   Code   RO         4242    i.__mathlib_dbl_divzero  m_wm.l(dunder.o)
    0x08005410   0x08005410   0x00000014   Code   RO         4243    i.__mathlib_dbl_infnan  m_wm.l(dunder.o)
    0x08005424   0x08005424   0x00000014   Code   RO         4244    i.__mathlib_dbl_infnan2  m_wm.l(dunder.o)
    0x08005438   0x08005438   0x00000020   Code   RO         4245    i.__mathlib_dbl_invalid  m_wm.l(dunder.o)
    0x08005458   0x08005458   0x00000020   Code   RO         4246    i.__mathlib_dbl_overflow  m_wm.l(dunder.o)
    0x08005478   0x08005478   0x00000020   Code   RO         4248    i.__mathlib_dbl_underflow  m_wm.l(dunder.o)
    0x08005498   0x08005498   0x0000000e   Code   RO         4333    i.__scatterload_copy  mc_w.l(handlers.o)
    0x080054a6   0x080054a6   0x00000002   Code   RO         4334    i.__scatterload_null  mc_w.l(handlers.o)
    0x080054a8   0x080054a8   0x0000000e   Code   RO         4335    i.__scatterload_zeroinit  mc_w.l(handlers.o)
    0x080054b6   0x080054b6   0x00000002   PAD
    0x080054b8   0x080054b8   0x0000000c   Code   RO         4303    i.__set_errno       mc_w.l(errno.o)
    0x080054c4   0x080054c4   0x000001b8   Code   RO         4048    i._printf_core      mc_w.l(printf3.o)
    0x0800567c   0x0800567c   0x0000000a   Code   RO         4050    i._sputc            mc_w.l(printf3.o)
    0x08005686   0x08005686   0x00000002   PAD
    0x08005688   0x08005688   0x000000f0   Code   RO          355    i.accelCalibrate    mpu9250.o
    0x08005778   0x08005778   0x00000084   Code   RO          959    i.encoderLocate     encoder.o
    0x080057fc   0x080057fc   0x00000018   Code   RO         4258    i.fabs              m_wm.l(fabs.o)
    0x08005814   0x08005814   0x000000e8   Code   RO          202    i.getPattern        ips.o
    0x080058fc   0x080058fc   0x0000007c   Code   RO          203    i.getPatternData    ips.o
    0x08005978   0x08005978   0x00000040   Code   RO          204    i.getYaw            ips.o
    0x080059b8   0x080059b8   0x0000050c   Code   RO          706    i.main              main.o
    0x08005ec4   0x08005ec4   0x000001dc   Code   RO          960    i.pidCompute        encoder.o
    0x080060a0   0x080060a0   0x00000038   Code   RO          961    i.pidInit           encoder.o
    0x080060d8   0x080060d8   0x0000017c   Code   RO          962    i.pidSetPWM         encoder.o
    0x08006254   0x08006254   0x00000144   Code   RO          963    i.pidValue          encoder.o
    0x08006398   0x08006398   0x000000ec   Code   RO          360    i.readDMAData       mpu9250.o
    0x08006484   0x08006484   0x0000007c   Code   RO          363    i.readRawData       mpu9250.o
    0x08006500   0x08006500   0x0000006e   Code   RO         3927    i.sqrt              m_wm.l(sqrt.o)
    0x0800656e   0x0800656e   0x00000008   Data   RO         1928    .constdata          stm32f4xx_hal_dma.o
    0x08006576   0x08006576   0x00000010   Data   RO         3842    .constdata          system_stm32f4xx.o
    0x08006586   0x08006586   0x00000008   Data   RO         3843    .constdata          system_stm32f4xx.o
    0x0800658e   0x0800658e   0x00000002   PAD
    0x08006590   0x08006590   0x00000088   Data   RO         3902    .constdata          m_wm.l(pow.o)
    0x08006618   0x08006618   0x00000030   Data   RO         4240    .constdata          m_wm.l(cos_i.o)
    0x08006648   0x08006648   0x00000008   Data   RO         4266    .constdata          m_wm.l(qnan.o)
    0x08006650   0x08006650   0x000000c8   Data   RO         4269    .constdata          m_wm.l(rred.o)
    0x08006718   0x08006718   0x00000028   Data   RO         4273    .constdata          m_wm.l(sin_i.o)
    0x08006740   0x08006740   0x00000020   Data   RO         4331    Region$$Table       anon$$obj.o


    Execution Region RW_IRAM1 (Exec base: 0x20000000, Load base: 0x08006760, Size: 0x00000840, Max: 0x00020000, ABSOLUTE, COMPRESSED[0x00000020])

    Exec Addr    Load Addr    Size         Type   Attr      Idx    E Section Name        Object

    0x20000000   COMPRESSED   0x00000018   Data   RW           22    .data               esp8266_hal.o
    0x20000018   COMPRESSED   0x00000020   Data   RW          205    .data               ips.o
    0x20000038   COMPRESSED   0x0000001c   Data   RW          366    .data               mpu9250.o
    0x20000054   COMPRESSED   0x00000008   Data   RW          560    .data               uartringbuffer_multi.o
    0x2000005c   COMPRESSED   0x0000006c   Data   RW          709    .data               main.o
    0x200000c8   COMPRESSED   0x00000004   Data   RW          710    .data               main.o
    0x200000cc   COMPRESSED   0x00000084   Data   RW          964    .data               encoder.o
    0x20000150   COMPRESSED   0x0000000c   Data   RW         2355    .data               stm32f4xx_hal.o
    0x2000015c   COMPRESSED   0x00000004   Data   RW         3844    .data               system_stm32f4xx.o
    0x20000160   COMPRESSED   0x00000004   Data   RW         4304    .data               mc_w.l(errno.o)
    0x20000164        -       0x00000028   Zero   RW           21    .bss                esp8266_hal.o
    0x2000018c        -       0x00000090   Zero   RW          364    .bss                mpu9250.o
    0x2000021c        -       0x00000090   Zero   RW          559    .bss                uartringbuffer_multi.o
    0x200002ac        -       0x0000012e   Zero   RW          707    .bss                main.o
    0x200003da   COMPRESSED   0x00000002   PAD
    0x200003dc        -       0x00000060   Zero   RW          708    .bss                main.o
    0x2000043c   COMPRESSED   0x00000004   PAD
    0x20000440        -       0x00000400   Zero   RW            1    STACK               startup_stm32f407xx.o


==============================================================================

Image component sizes


      Code (inc. data)   RO Data    RW Data    ZI Data      Debug   Object Name

      1368         94          0        132          0       6078   encoder.o
      2300        766          0         24         40     701882   esp8266_hal.o
       420         42          0         32          0       2667   ips.o
      2226        202          0        112        398      13686   main.o
      1108         70          0         28        144     591372   mpu9250.o
        36          8        392          0       1024        864   startup_stm32f407xx.o
       180         28          0         12          0      10041   stm32f4xx_hal.o
       198         14          0          0          0      34427   stm32f4xx_hal_cortex.o
       942         16          8          0          0       7765   stm32f4xx_hal_dma.o
       498         52          0          0          0       4783   stm32f4xx_hal_gpio.o
      2912         68          0          0          0      19728   stm32f4xx_hal_i2c.o
       568         78          0          0          0       4307   stm32f4xx_hal_msp.o
      1328         78          0          0          0       5708   stm32f4xx_hal_rcc.o
      1320         90          0          0          0      14044   stm32f4xx_hal_tim.o
       144         28          0          0          0       1504   stm32f4xx_hal_tim_ex.o
       968         16          0          0          0       8339   stm32f4xx_hal_uart.o
        92         18          0          0          0       7598   stm32f4xx_it.o
        28          6         24          4          0       1371   system_stm32f4xx.o
       308         40          0          8        144     586937   uartringbuffer_multi.o

    ----------------------------------------------------------------------
     16980       1714        458        352       1756    2023101   Object Totals
         0          0         32          0          0          0   (incl. Generated)
        36          0          2          0          6          0   (incl. Padding)

    ----------------------------------------------------------------------

      Code (inc. data)   RO Data    RW Data    ZI Data      Debug   Library Member Name

       200         20          0          0          0        164   cos.o
       368         46         48          0          0        200   cos_i.o
       184         44          0          0          0        744   dunder.o
        24          0          0          0          0        124   fabs.o
        48          0          0          0          0        124   fpclassify.o
       248          0          0          0          0        152   poly.o
      3152        296        136          0          0        352   pow.o
         0          0          8          0          0          0   qnan.o
      1080        142        200          0          0        188   rred.o
       200         20          0          0          0        164   sin.o
       304         24         40          0          0        208   sin_i.o
       232          0          0          0          0        296   sqrt.o
        58          0          0          0          0          0   __dczerorl.o
         0          0          0          0          0          0   entry.o
         0          0          0          0          0          0   entry10a.o
         0          0          0          0          0          0   entry11a.o
         8          4          0          0          0          0   entry2.o
         4          0          0          0          0          0   entry5.o
         0          0          0          0          0          0   entry7b.o
         0          0          0          0          0          0   entry8b.o
         8          4          0          0          0          0   entry9a.o
        12          6          0          4          0         68   errno.o
        30          0          0          0          0          0   handlers.o
        36          8          0          0          0         68   init.o
         0          0          0          0          0          0   iusefp.o
        30          0          0          0          0         68   llshl.o
        36          0          0          0          0         68   llsshr.o
        32          0          0          0          0         68   llushr.o
        36          0          0          0          0         68   memcpya.o
        36          0          0          0          0        108   memseta.o
       490         10          0          0          0        252   printf3.o
        18          0          0          0          0         68   strcpy.o
        14          0          0          0          0         68   strlen.o
        44          0          0          0          0         80   uidiv.o
        98          0          0          0          0         92   uldiv.o
        48          0          0          0          0         68   cdrcmple.o
        56          0          0          0          0         88   d2f.o
       334          0          0          0          0        148   dadd.o
       222          0          0          0          0        100   ddiv.o
       186          0          0          0          0        176   depilogue.o
        62          0          0          0          0         80   dfixi.o
        34          0          0          0          0         76   dflti.o
        26          0          0          0          0         76   dfltui.o
       228          0          0          0          0         96   dmul.o
        46          0          0          0          0         80   dscalb.o
       162          0          0          0          0        100   dsqrt.o
        38          0          0          0          0         68   f2d.o
       110          0          0          0          0        168   fepilogue.o

    ----------------------------------------------------------------------
      8594        624        432          4          0       5116   Library Totals
        12          0          0          0          0          0   (incl. Padding)

    ----------------------------------------------------------------------

      Code (inc. data)   RO Data    RW Data    ZI Data      Debug   Library Name

      6040        592        432          0          0       2716   m_wm.l
       990         32          0          4          0       1076   mc_w.l
      1552          0          0          0          0       1324   mf_w.l

    ----------------------------------------------------------------------
      8594        624        432          4          0       5116   Library Totals

    ----------------------------------------------------------------------

==============================================================================


      Code (inc. data)   RO Data    RW Data    ZI Data      Debug   

     25574       2338        890        356       1756    2013953   Grand Totals
     25574       2338        890         32       1756    2013953   ELF Image Totals (compressed)
     25574       2338        890         32          0          0   ROM Totals

==============================================================================

    Total RO  Size (Code + RO Data)                26464 (  25.84kB)
    Total RW  Size (RW Data + ZI Data)              2112 (   2.06kB)
    Total ROM Size (Code + RO Data + RW Data)      26496 (  25.88kB)

==============================================================================

